MPLINK 4.40, Linker
Linker Map File - Created Thu Jul 19 20:29:13 2012

                                 Section Info
                  Section       Type    Address   Location Size(Bytes)
                ---------  ---------  ---------  ---------  ---------
               _entry_scn       code   0x000000    program   0x000006
                   .cinit    romdata   0x000006    program   0x000002
                      HPI       code   0x000008    program   0x000006
       .code_PORTB Code.o       code   0x00000e    program   0x000492
                     PROG       code   0x0004a0    program   0x0001ea
               _cinit_scn       code   0x00068a    program   0x00009e
                    .code       code   0x000728    program   0x000020
             _startup_scn       code   0x000748    program   0x00001c
                   STRING       code   0x000764    program   0x00001c
         .code_fxd0808u.o       code   0x000780    program   0x00001c
           .code___init.o       code   0x00079c    program   0x000002
        .romdata___init.o    romdata   0x00079e    program   0x000000
        .idata___init.o_i    romdata   0x00079e    program   0x000000
      .romdata_fxd0808u.o    romdata   0x00079e    program   0x000000
      .idata_fxd0808u.o_i    romdata   0x00079e    program   0x000000
             .stringtable    romdata   0x00079e    program   0x000000
    .romdata_PORTB Code.o    romdata   0x00079e    program   0x000000
    .idata_PORTB Code.o_i    romdata   0x00079e    program   0x000000
            .code_c018i.o       code   0x00079e    program   0x000000
         .romdata_c018i.o    romdata   0x00079e    program   0x000000
         .idata_c018i.o_i    romdata   0x00079e    program   0x000000
.config_300001_PORTB Code.o    romdata   0x300001    program   0x000001
.config_300002_PORTB Code.o    romdata   0x300002    program   0x000001
.config_300003_PORTB Code.o    romdata   0x300003    program   0x000001
.config_300006_PORTB Code.o    romdata   0x300006    program   0x000001
                MATH_DATA      udata   0x000000       data   0x000014
                 .tmpdata      udata   0x000014       data   0x000008
           .udata_c018i.o      udata   0x000080       data   0x00000a
      .udata_PORTB Code.o      udata   0x00008a       data   0x000007
           .idata_c018i.o      idata   0x000091       data   0x000000
      .idata_PORTB Code.o      idata   0x000091       data   0x000000
        .udata_fxd0808u.o      udata   0x000091       data   0x000000
        .idata_fxd0808u.o      idata   0x000091       data   0x000000
          .udata___init.o      udata   0x000091       data   0x000000
          .idata___init.o      idata   0x000091       data   0x000000
                   .stack      udata   0x000500       data   0x000100
            SFR_UNBANKED0      udata   0x000f80       data   0x000080



                              Program Memory Usage 
                               Start         End      
                           ---------   ---------      
                            0x000000    0x00079d      
                            0x300001    0x300003      
                            0x300006    0x300006      
            1954 out of 33048 program addresses used, program memory utilization is 5%



                              Symbols - Sorted by Name
                     Name    Address   Location    Storage File                     
                ---------  ---------  ---------  --------- ---------                
                 FLO0832S   0x0004a4    program     extern C:\MCC18\v3_39\src\traditional\math\cast08FP.asm
                 FLO0832U   0x0004a0    program     extern C:\MCC18\v3_39\src\traditional\math\cast08FP.asm
                 FXD0808U   0x000780    program     extern C:\MCC18\v3_39\src\traditional\math\fxd0808u.c
                      HPI   0x000008    program     extern D:\Engr. Abdullah Tahir\Confidential\PROJECTS\PIC18 Digital Temperature Sensor\Interrupt Based\PORTB Code.c
                  TAGTB32   0x0004c2    program     extern C:\MCC18\v3_39\src\traditional\math\gtFP.asm
              __FpCompare   0x0004d4    program     extern C:\MCC18\v3_39\src\traditional\math\compFP.asm
                 __FpExit   0x00058a    program     extern C:\MCC18\v3_39\src\traditional\math\packFP.asm
                 __FpPack   0x0005b6    program     extern C:\MCC18\v3_39\src\traditional\math\packFP.asm
            __FpReturnNaN   0x00057e    program     extern C:\MCC18\v3_39\src\traditional\math\packFP.asm
         __FpReturnNegInf   0x000590    program     extern C:\MCC18\v3_39\src\traditional\math\packFP.asm
        __FpReturnNegZero   0x0005a8    program     extern C:\MCC18\v3_39\src\traditional\math\packFP.asm
         __FpReturnPosInf   0x000596    program     extern C:\MCC18\v3_39\src\traditional\math\packFP.asm
        __FpReturnPosZero   0x0005b0    program     extern C:\MCC18\v3_39\src\traditional\math\packFP.asm
        __FpReturnSignInf   0x00058c    program     extern C:\MCC18\v3_39\src\traditional\math\packFP.asm
       __FpReturnSignZero   0x0005a4    program     extern C:\MCC18\v3_39\src\traditional\math\packFP.asm
              __FpReturnW   0x00060e    program     extern C:\MCC18\v3_39\src\traditional\math\packFP.asm
              __FpUnPackA   0x00062e    program     extern C:\MCC18\v3_39\src\traditional\math\UnpackFP.asm
              __FpUnPackB   0x00065e    program     extern C:\MCC18\v3_39\src\traditional\math\UnpackFP.asm
       ___return_lbl00000   0x00079a    program     static                          
       ___return_lbl00000   0x000004    program     static                          
       ___return_lbl00001   0x000762    program     static                          
       ___return_lbl00002   0x000726    program     static                          
       ___return_lbl00002   0x00000c    program     static                          
               __config_0   0x300001    program     static D:\Engr. Abdullah Tahir\Confidential\PROJECTS\PIC18 Digital Temperature Sensor\Interrupt Based\PORTB Code.c
               __config_1   0x300002    program     static D:\Engr. Abdullah Tahir\Confidential\PROJECTS\PIC18 Digital Temperature Sensor\Interrupt Based\PORTB Code.c
               __config_2   0x300003    program     static D:\Engr. Abdullah Tahir\Confidential\PROJECTS\PIC18 Digital Temperature Sensor\Interrupt Based\PORTB Code.c
               __config_3   0x300006    program     static D:\Engr. Abdullah Tahir\Confidential\PROJECTS\PIC18 Digital Temperature Sensor\Interrupt Based\PORTB Code.c
                   __init   0x00079c    program     extern C:\MCC18\v3_39\src\traditional\stdclib\__init.c
            __zero_memory   0x000728    program     extern C:\MCC18\v3_39\src\traditional\proc\p18F452.asm
                _do_cinit   0x00068a    program     extern C:\MCC18\v3_39\src\traditional\startup\c018i.c
                   _entry   0x000000    program     extern C:\MCC18\v3_39\src\traditional\startup\c018i.c
                 _startup   0x000748    program     extern C:\MCC18\v3_39\src\traditional\startup\c018i.c
              bin_2_ascii   0x00038c    program     extern D:\Engr. Abdullah Tahir\Confidential\PROJECTS\PIC18 Digital Temperature Sensor\Interrupt Based\PORTB Code.c
              check_cause   0x00000e    program     extern D:\Engr. Abdullah Tahir\Confidential\PROJECTS\PIC18 Digital Temperature Sensor\Interrupt Based\PORTB Code.c
                compare_l   0x00073e    program     static C:\MCC18\v3_39\src\traditional\proc\p18F452.asm
                copy_loop   0x0006fc    program     static                          
            copy_one_byte   0x000702    program     static                          
                    delay   0x000416    program     extern D:\Engr. Abdullah Tahir\Confidential\PROJECTS\PIC18 Digital Temperature Sensor\Interrupt Based\PORTB Code.c
                     done   0x000726    program     static                          
             done_copying   0x000710    program     static                          
                  endloop   0x000796    program     static                          
                  jAisNeg   0x000550    program     static C:\MCC18\v3_39\src\traditional\math\compFP.asm
             jBothNotZero   0x0004f2    program     static C:\MCC18\v3_39\src\traditional\math\compFP.asm
                      jEQ   0x00050e    program     static C:\MCC18\v3_39\src\traditional\math\compFP.asm
                     jEnd   0x00077e    program     static C:\MCC18\v3_39\src\traditional\stdclib\strlen.asm
                    jExch   0x00051a    program     static C:\MCC18\v3_39\src\traditional\math\compFP.asm
                   jExpEQ   0x000560    program     static C:\MCC18\v3_39\src\traditional\math\compFP.asm
                   jFinal   0x000544    program     static C:\MCC18\v3_39\src\traditional\math\compFP.asm
                jI2F08Beg   0x0004ae    program     static C:\MCC18\v3_39\src\traditional\math\cast08FP.asm
                    jLoop   0x000774    program     static C:\MCC18\v3_39\src\traditional\stdclib\strlen.asm
                      jNE   0x000512    program     static C:\MCC18\v3_39\src\traditional\math\compFP.asm
                  jNoExch   0x00053a    program     static C:\MCC18\v3_39\src\traditional\math\compFP.asm
                  jPkLoop   0x0005c4    program     static C:\MCC18\v3_39\src\traditional\math\packFP.asm
             jPkRoundDone   0x00060e    program     static C:\MCC18\v3_39\src\traditional\math\packFP.asm
               jPkRoundIt   0x0005f6    program     static C:\MCC18\v3_39\src\traditional\math\packFP.asm
             jPkShiftDone   0x0005e0    program     static C:\MCC18\v3_39\src\traditional\math\packFP.asm
           jReturnPosInf0   0x00059a    program     static C:\MCC18\v3_39\src\traditional\math\packFP.asm
                  jRotate   0x00056c    program     static C:\MCC18\v3_39\src\traditional\math\compFP.asm
                   jShift   0x000556    program     static C:\MCC18\v3_39\src\traditional\math\compFP.asm
                 jSignsEQ   0x0004f6    program     static C:\MCC18\v3_39\src\traditional\math\compFP.asm
                  jUnpkA1   0x000638    program     static C:\MCC18\v3_39\src\traditional\math\UnpackFP.asm
                  jUnpkA2   0x000650    program     static C:\MCC18\v3_39\src\traditional\math\UnpackFP.asm
                 jUnpkANZ   0x000646    program     static C:\MCC18\v3_39\src\traditional\math\UnpackFP.asm
                  jUnpkB1   0x000668    program     static C:\MCC18\v3_39\src\traditional\math\UnpackFP.asm
                  jUnpkB2   0x000680    program     static C:\MCC18\v3_39\src\traditional\math\UnpackFP.asm
                 jUnpkBNZ   0x000676    program     static C:\MCC18\v3_39\src\traditional\math\UnpackFP.asm
                 jUnpkNaN   0x00065a    program     static C:\MCC18\v3_39\src\traditional\math\UnpackFP.asm
               jZero1and2   0x00059e    program     static C:\MCC18\v3_39\src\traditional\math\packFP.asm
                   lcdcmd   0x000354    program     extern D:\Engr. Abdullah Tahir\Confidential\PROJECTS\PIC18 Digital Temperature Sensor\Interrupt Based\PORTB Code.c
                  lcddata   0x0002f2    program     extern D:\Engr. Abdullah Tahir\Confidential\PROJECTS\PIC18 Digital Temperature Sensor\Interrupt Based\PORTB Code.c
                 lcdready   0x00032a    program     extern D:\Engr. Abdullah Tahir\Confidential\PROJECTS\PIC18 Digital Temperature Sensor\Interrupt Based\PORTB Code.c
                     loop   0x000758    program     static                          
                     loop   0x000788    program     static                          
                   loop_h   0x000736    program     static C:\MCC18\v3_39\src\traditional\proc\p18F452.asm
                   loop_l   0x000740    program     static C:\MCC18\v3_39\src\traditional\proc\p18F452.asm
                     main   0x0000a4    program     extern D:\Engr. Abdullah Tahir\Confidential\PROJECTS\PIC18 Digital Temperature Sensor\Interrupt Based\PORTB Code.c
                   strlen   0x000764    program     extern C:\MCC18\v3_39\src\traditional\stdclib\strlen.asm
                     test   0x0006a4    program     static                          
               zero_block   0x000736    program     static C:\MCC18\v3_39\src\traditional\proc\p18F452.asm
                   ADCON0   0x000fc2       data     extern C:\MCC18\v3_39\src\traditional\proc\p18F452.asm
               ADCON0bits   0x000fc2       data     extern C:\MCC18\v3_39\src\traditional\proc\p18F452.asm
                   ADCON1   0x000fc1       data     extern C:\MCC18\v3_39\src\traditional\proc\p18F452.asm
               ADCON1bits   0x000fc1       data     extern C:\MCC18\v3_39\src\traditional\proc\p18F452.asm
                    ADRES   0x000fc3       data     extern C:\MCC18\v3_39\src\traditional\proc\p18F452.asm
                   ADRESH   0x000fc4       data     extern C:\MCC18\v3_39\src\traditional\proc\p18F452.asm
                   ADRESL   0x000fc3       data     extern C:\MCC18\v3_39\src\traditional\proc\p18F452.asm
                      BSR   0x000fe0       data     extern C:\MCC18\v3_39\src\traditional\proc\p18F452.asm
                  CCP1CON   0x000fbd       data     extern C:\MCC18\v3_39\src\traditional\proc\p18F452.asm
              CCP1CONbits   0x000fbd       data     extern C:\MCC18\v3_39\src\traditional\proc\p18F452.asm
                  CCP2CON   0x000fba       data     extern C:\MCC18\v3_39\src\traditional\proc\p18F452.asm
              CCP2CONbits   0x000fba       data     extern C:\MCC18\v3_39\src\traditional\proc\p18F452.asm
                    CCPR1   0x000fbe       data     extern C:\MCC18\v3_39\src\traditional\proc\p18F452.asm
                   CCPR1H   0x000fbf       data     extern C:\MCC18\v3_39\src\traditional\proc\p18F452.asm
                   CCPR1L   0x000fbe       data     extern C:\MCC18\v3_39\src\traditional\proc\p18F452.asm
                    CCPR2   0x000fbb       data     extern C:\MCC18\v3_39\src\traditional\proc\p18F452.asm
                   CCPR2H   0x000fbc       data     extern C:\MCC18\v3_39\src\traditional\proc\p18F452.asm
                   CCPR2L   0x000fbb       data     extern C:\MCC18\v3_39\src\traditional\proc\p18F452.asm
                     DDRA   0x000f92       data     extern C:\MCC18\v3_39\src\traditional\proc\p18F452.asm
                 DDRAbits   0x000f92       data     extern C:\MCC18\v3_39\src\traditional\proc\p18F452.asm
                     DDRB   0x000f93       data     extern C:\MCC18\v3_39\src\traditional\proc\p18F452.asm
                 DDRBbits   0x000f93       data     extern C:\MCC18\v3_39\src\traditional\proc\p18F452.asm
                     DDRC   0x000f94       data     extern C:\MCC18\v3_39\src\traditional\proc\p18F452.asm
                 DDRCbits   0x000f94       data     extern C:\MCC18\v3_39\src\traditional\proc\p18F452.asm
                     DDRD   0x000f95       data     extern C:\MCC18\v3_39\src\traditional\proc\p18F452.asm
                 DDRDbits   0x000f95       data     extern C:\MCC18\v3_39\src\traditional\proc\p18F452.asm
                     DDRE   0x000f96       data     extern C:\MCC18\v3_39\src\traditional\proc\p18F452.asm
                 DDREbits   0x000f96       data     extern C:\MCC18\v3_39\src\traditional\proc\p18F452.asm
                    EEADR   0x000fa9       data     extern C:\MCC18\v3_39\src\traditional\proc\p18F452.asm
                   EECON1   0x000fa6       data     extern C:\MCC18\v3_39\src\traditional\proc\p18F452.asm
               EECON1bits   0x000fa6       data     extern C:\MCC18\v3_39\src\traditional\proc\p18F452.asm
                   EECON2   0x000fa7       data     extern C:\MCC18\v3_39\src\traditional\proc\p18F452.asm
                   EEDATA   0x000fa8       data     extern C:\MCC18\v3_39\src\traditional\proc\p18F452.asm
                     FSR0   0x000fe9       data     extern C:\MCC18\v3_39\src\traditional\proc\p18F452.asm
                    FSR0H   0x000fea       data     extern C:\MCC18\v3_39\src\traditional\proc\p18F452.asm
                    FSR0L   0x000fe9       data     extern C:\MCC18\v3_39\src\traditional\proc\p18F452.asm
                     FSR1   0x000fe1       data     extern C:\MCC18\v3_39\src\traditional\proc\p18F452.asm
                    FSR1H   0x000fe2       data     extern C:\MCC18\v3_39\src\traditional\proc\p18F452.asm
                    FSR1L   0x000fe1       data     extern C:\MCC18\v3_39\src\traditional\proc\p18F452.asm
                     FSR2   0x000fd9       data     extern C:\MCC18\v3_39\src\traditional\proc\p18F452.asm
                    FSR2H   0x000fda       data     extern C:\MCC18\v3_39\src\traditional\proc\p18F452.asm
                    FSR2L   0x000fd9       data     extern C:\MCC18\v3_39\src\traditional\proc\p18F452.asm
                    INDF0   0x000fef       data     extern C:\MCC18\v3_39\src\traditional\proc\p18F452.asm
                    INDF1   0x000fe7       data     extern C:\MCC18\v3_39\src\traditional\proc\p18F452.asm
                    INDF2   0x000fdf       data     extern C:\MCC18\v3_39\src\traditional\proc\p18F452.asm
                   INTCON   0x000ff2       data     extern C:\MCC18\v3_39\src\traditional\proc\p18F452.asm
                  INTCON1   0x000ff2       data     extern C:\MCC18\v3_39\src\traditional\proc\p18F452.asm
              INTCON1bits   0x000ff2       data     extern C:\MCC18\v3_39\src\traditional\proc\p18F452.asm
                  INTCON2   0x000ff1       data     extern C:\MCC18\v3_39\src\traditional\proc\p18F452.asm
              INTCON2bits   0x000ff1       data     extern C:\MCC18\v3_39\src\traditional\proc\p18F452.asm
                  INTCON3   0x000ff0       data     extern C:\MCC18\v3_39\src\traditional\proc\p18F452.asm
              INTCON3bits   0x000ff0       data     extern C:\MCC18\v3_39\src\traditional\proc\p18F452.asm
               INTCONbits   0x000ff2       data     extern C:\MCC18\v3_39\src\traditional\proc\p18F452.asm
                     IPR1   0x000f9f       data     extern C:\MCC18\v3_39\src\traditional\proc\p18F452.asm
                 IPR1bits   0x000f9f       data     extern C:\MCC18\v3_39\src\traditional\proc\p18F452.asm
                     IPR2   0x000fa2       data     extern C:\MCC18\v3_39\src\traditional\proc\p18F452.asm
                 IPR2bits   0x000fa2       data     extern C:\MCC18\v3_39\src\traditional\proc\p18F452.asm
                     LATA   0x000f89       data     extern C:\MCC18\v3_39\src\traditional\proc\p18F452.asm
                 LATAbits   0x000f89       data     extern C:\MCC18\v3_39\src\traditional\proc\p18F452.asm
                     LATB   0x000f8a       data     extern C:\MCC18\v3_39\src\traditional\proc\p18F452.asm
                 LATBbits   0x000f8a       data     extern C:\MCC18\v3_39\src\traditional\proc\p18F452.asm
                     LATC   0x000f8b       data     extern C:\MCC18\v3_39\src\traditional\proc\p18F452.asm
                 LATCbits   0x000f8b       data     extern C:\MCC18\v3_39\src\traditional\proc\p18F452.asm
                     LATD   0x000f8c       data     extern C:\MCC18\v3_39\src\traditional\proc\p18F452.asm
                 LATDbits   0x000f8c       data     extern C:\MCC18\v3_39\src\traditional\proc\p18F452.asm
                     LATE   0x000f8d       data     extern C:\MCC18\v3_39\src\traditional\proc\p18F452.asm
                 LATEbits   0x000f8d       data     extern C:\MCC18\v3_39\src\traditional\proc\p18F452.asm
                   LVDCON   0x000fd2       data     extern C:\MCC18\v3_39\src\traditional\proc\p18F452.asm
               LVDCONbits   0x000fd2       data     extern C:\MCC18\v3_39\src\traditional\proc\p18F452.asm
                   OSCCON   0x000fd3       data     extern C:\MCC18\v3_39\src\traditional\proc\p18F452.asm
               OSCCONbits   0x000fd3       data     extern C:\MCC18\v3_39\src\traditional\proc\p18F452.asm
                       PC   0x000ff9       data     extern C:\MCC18\v3_39\src\traditional\proc\p18F452.asm
                      PCL   0x000ff9       data     extern C:\MCC18\v3_39\src\traditional\proc\p18F452.asm
                   PCLATH   0x000ffa       data     extern C:\MCC18\v3_39\src\traditional\proc\p18F452.asm
                   PCLATU   0x000ffb       data     extern C:\MCC18\v3_39\src\traditional\proc\p18F452.asm
                     PIE1   0x000f9d       data     extern C:\MCC18\v3_39\src\traditional\proc\p18F452.asm
                 PIE1bits   0x000f9d       data     extern C:\MCC18\v3_39\src\traditional\proc\p18F452.asm
                     PIE2   0x000fa0       data     extern C:\MCC18\v3_39\src\traditional\proc\p18F452.asm
                 PIE2bits   0x000fa0       data     extern C:\MCC18\v3_39\src\traditional\proc\p18F452.asm
                     PIR1   0x000f9e       data     extern C:\MCC18\v3_39\src\traditional\proc\p18F452.asm
                 PIR1bits   0x000f9e       data     extern C:\MCC18\v3_39\src\traditional\proc\p18F452.asm
                     PIR2   0x000fa1       data     extern C:\MCC18\v3_39\src\traditional\proc\p18F452.asm
                 PIR2bits   0x000fa1       data     extern C:\MCC18\v3_39\src\traditional\proc\p18F452.asm
                   PLUSW0   0x000feb       data     extern C:\MCC18\v3_39\src\traditional\proc\p18F452.asm
                   PLUSW1   0x000fe3       data     extern C:\MCC18\v3_39\src\traditional\proc\p18F452.asm
                   PLUSW2   0x000fdb       data     extern C:\MCC18\v3_39\src\traditional\proc\p18F452.asm
                    PORTA   0x000f80       data     extern C:\MCC18\v3_39\src\traditional\proc\p18F452.asm
                PORTAbits   0x000f80       data     extern C:\MCC18\v3_39\src\traditional\proc\p18F452.asm
                    PORTB   0x000f81       data     extern C:\MCC18\v3_39\src\traditional\proc\p18F452.asm
                PORTBbits   0x000f81       data     extern C:\MCC18\v3_39\src\traditional\proc\p18F452.asm
                    PORTC   0x000f82       data     extern C:\MCC18\v3_39\src\traditional\proc\p18F452.asm
                PORTCbits   0x000f82       data     extern C:\MCC18\v3_39\src\traditional\proc\p18F452.asm
                    PORTD   0x000f83       data     extern C:\MCC18\v3_39\src\traditional\proc\p18F452.asm
                PORTDbits   0x000f83       data     extern C:\MCC18\v3_39\src\traditional\proc\p18F452.asm
                    PORTE   0x000f84       data     extern C:\MCC18\v3_39\src\traditional\proc\p18F452.asm
                PORTEbits   0x000f84       data     extern C:\MCC18\v3_39\src\traditional\proc\p18F452.asm
                 POSTDEC0   0x000fed       data     extern C:\MCC18\v3_39\src\traditional\proc\p18F452.asm
                 POSTDEC1   0x000fe5       data     extern C:\MCC18\v3_39\src\traditional\proc\p18F452.asm
                 POSTDEC2   0x000fdd       data     extern C:\MCC18\v3_39\src\traditional\proc\p18F452.asm
                 POSTINC0   0x000fee       data     extern C:\MCC18\v3_39\src\traditional\proc\p18F452.asm
                 POSTINC1   0x000fe6       data     extern C:\MCC18\v3_39\src\traditional\proc\p18F452.asm
                 POSTINC2   0x000fde       data     extern C:\MCC18\v3_39\src\traditional\proc\p18F452.asm
                      PR2   0x000fcb       data     extern C:\MCC18\v3_39\src\traditional\proc\p18F452.asm
                  PREINC0   0x000fec       data     extern C:\MCC18\v3_39\src\traditional\proc\p18F452.asm
                  PREINC1   0x000fe4       data     extern C:\MCC18\v3_39\src\traditional\proc\p18F452.asm
                  PREINC2   0x000fdc       data     extern C:\MCC18\v3_39\src\traditional\proc\p18F452.asm
                     PROD   0x000ff3       data     extern C:\MCC18\v3_39\src\traditional\proc\p18F452.asm
                    PRODH   0x000ff4       data     extern C:\MCC18\v3_39\src\traditional\proc\p18F452.asm
                    PRODL   0x000ff3       data     extern C:\MCC18\v3_39\src\traditional\proc\p18F452.asm
                     RCON   0x000fd0       data     extern C:\MCC18\v3_39\src\traditional\proc\p18F452.asm
                 RCONbits   0x000fd0       data     extern C:\MCC18\v3_39\src\traditional\proc\p18F452.asm
                    RCREG   0x000fae       data     extern C:\MCC18\v3_39\src\traditional\proc\p18F452.asm
                    RCSTA   0x000fab       data     extern C:\MCC18\v3_39\src\traditional\proc\p18F452.asm
                RCSTAbits   0x000fab       data     extern C:\MCC18\v3_39\src\traditional\proc\p18F452.asm
                     SIGN   0x00000e       data     extern C:\MCC18\v3_39\src\traditional\math\cmath18.asm
                    SPBRG   0x000faf       data     extern C:\MCC18\v3_39\src\traditional\proc\p18F452.asm
                   SSPADD   0x000fc8       data     extern C:\MCC18\v3_39\src\traditional\proc\p18F452.asm
                   SSPBUF   0x000fc9       data     extern C:\MCC18\v3_39\src\traditional\proc\p18F452.asm
                  SSPCON1   0x000fc6       data     extern C:\MCC18\v3_39\src\traditional\proc\p18F452.asm
              SSPCON1bits   0x000fc6       data     extern C:\MCC18\v3_39\src\traditional\proc\p18F452.asm
                  SSPCON2   0x000fc5       data     extern C:\MCC18\v3_39\src\traditional\proc\p18F452.asm
              SSPCON2bits   0x000fc5       data     extern C:\MCC18\v3_39\src\traditional\proc\p18F452.asm
                  SSPSTAT   0x000fc7       data     extern C:\MCC18\v3_39\src\traditional\proc\p18F452.asm
              SSPSTATbits   0x000fc7       data     extern C:\MCC18\v3_39\src\traditional\proc\p18F452.asm
                   STATUS   0x000fd8       data     extern C:\MCC18\v3_39\src\traditional\proc\p18F452.asm
               STATUSbits   0x000fd8       data     extern C:\MCC18\v3_39\src\traditional\proc\p18F452.asm
                   STKPTR   0x000ffc       data     extern C:\MCC18\v3_39\src\traditional\proc\p18F452.asm
               STKPTRbits   0x000ffc       data     extern C:\MCC18\v3_39\src\traditional\proc\p18F452.asm
                    T0CON   0x000fd5       data     extern C:\MCC18\v3_39\src\traditional\proc\p18F452.asm
                T0CONbits   0x000fd5       data     extern C:\MCC18\v3_39\src\traditional\proc\p18F452.asm
                    T1CON   0x000fcd       data     extern C:\MCC18\v3_39\src\traditional\proc\p18F452.asm
                T1CONbits   0x000fcd       data     extern C:\MCC18\v3_39\src\traditional\proc\p18F452.asm
                    T2CON   0x000fca       data     extern C:\MCC18\v3_39\src\traditional\proc\p18F452.asm
                T2CONbits   0x000fca       data     extern C:\MCC18\v3_39\src\traditional\proc\p18F452.asm
                    T3CON   0x000fb1       data     extern C:\MCC18\v3_39\src\traditional\proc\p18F452.asm
                T3CONbits   0x000fb1       data     extern C:\MCC18\v3_39\src\traditional\proc\p18F452.asm
                   TABLAT   0x000ff5       data     extern C:\MCC18\v3_39\src\traditional\proc\p18F452.asm
                   TBLPTR   0x000ff6       data     extern C:\MCC18\v3_39\src\traditional\proc\p18F452.asm
                  TBLPTRH   0x000ff7       data     extern C:\MCC18\v3_39\src\traditional\proc\p18F452.asm
                  TBLPTRL   0x000ff6       data     extern C:\MCC18\v3_39\src\traditional\proc\p18F452.asm
                  TBLPTRU   0x000ff8       data     extern C:\MCC18\v3_39\src\traditional\proc\p18F452.asm
                    TMR0H   0x000fd7       data     extern C:\MCC18\v3_39\src\traditional\proc\p18F452.asm
                    TMR0L   0x000fd6       data     extern C:\MCC18\v3_39\src\traditional\proc\p18F452.asm
                    TMR1H   0x000fcf       data     extern C:\MCC18\v3_39\src\traditional\proc\p18F452.asm
                    TMR1L   0x000fce       data     extern C:\MCC18\v3_39\src\traditional\proc\p18F452.asm
                     TMR2   0x000fcc       data     extern C:\MCC18\v3_39\src\traditional\proc\p18F452.asm
                    TMR3H   0x000fb3       data     extern C:\MCC18\v3_39\src\traditional\proc\p18F452.asm
                    TMR3L   0x000fb2       data     extern C:\MCC18\v3_39\src\traditional\proc\p18F452.asm
                      TOS   0x000ffd       data     extern C:\MCC18\v3_39\src\traditional\proc\p18F452.asm
                     TOSH   0x000ffe       data     extern C:\MCC18\v3_39\src\traditional\proc\p18F452.asm
                     TOSL   0x000ffd       data     extern C:\MCC18\v3_39\src\traditional\proc\p18F452.asm
                     TOSU   0x000fff       data     extern C:\MCC18\v3_39\src\traditional\proc\p18F452.asm
                    TRISA   0x000f92       data     extern C:\MCC18\v3_39\src\traditional\proc\p18F452.asm
                TRISAbits   0x000f92       data     extern C:\MCC18\v3_39\src\traditional\proc\p18F452.asm
                    TRISB   0x000f93       data     extern C:\MCC18\v3_39\src\traditional\proc\p18F452.asm
                TRISBbits   0x000f93       data     extern C:\MCC18\v3_39\src\traditional\proc\p18F452.asm
                    TRISC   0x000f94       data     extern C:\MCC18\v3_39\src\traditional\proc\p18F452.asm
                TRISCbits   0x000f94       data     extern C:\MCC18\v3_39\src\traditional\proc\p18F452.asm
                    TRISD   0x000f95       data     extern C:\MCC18\v3_39\src\traditional\proc\p18F452.asm
                TRISDbits   0x000f95       data     extern C:\MCC18\v3_39\src\traditional\proc\p18F452.asm
                    TRISE   0x000f96       data     extern C:\MCC18\v3_39\src\traditional\proc\p18F452.asm
                TRISEbits   0x000f96       data     extern C:\MCC18\v3_39\src\traditional\proc\p18F452.asm
                    TXREG   0x000fad       data     extern C:\MCC18\v3_39\src\traditional\proc\p18F452.asm
                    TXSTA   0x000fac       data     extern C:\MCC18\v3_39\src\traditional\proc\p18F452.asm
                TXSTAbits   0x000fac       data     extern C:\MCC18\v3_39\src\traditional\proc\p18F452.asm
                        W   0x000fe8       data     extern C:\MCC18\v3_39\src\traditional\proc\p18F452.asm
                   WDTCON   0x000fd1       data     extern C:\MCC18\v3_39\src\traditional\proc\p18F452.asm
               WDTCONbits   0x000fd1       data     extern C:\MCC18\v3_39\src\traditional\proc\p18F452.asm
                     WREG   0x000fe8       data     extern C:\MCC18\v3_39\src\traditional\proc\p18F452.asm
                 __AARGB0   0x000007       data     extern C:\MCC18\v3_39\src\traditional\math\aarg.asm
                 __AARGB1   0x000006       data     extern C:\MCC18\v3_39\src\traditional\math\aarg.asm
                 __AARGB2   0x000005       data     extern C:\MCC18\v3_39\src\traditional\math\aarg.asm
                 __AARGB3   0x000004       data     extern C:\MCC18\v3_39\src\traditional\math\aarg.asm
                 __AARGB4   0x000003       data     extern C:\MCC18\v3_39\src\traditional\math\aarg.asm
                 __AARGB5   0x000002       data     extern C:\MCC18\v3_39\src\traditional\math\aarg.asm
                 __AARGB6   0x000001       data     extern C:\MCC18\v3_39\src\traditional\math\aarg.asm
                 __AARGB7   0x000000       data     extern C:\MCC18\v3_39\src\traditional\math\aarg.asm
                   __AEXP   0x000008       data     extern C:\MCC18\v3_39\src\traditional\math\aarg.asm
                 __BARGB0   0x00000c       data     extern C:\MCC18\v3_39\src\traditional\math\barg.asm
                 __BARGB1   0x00000b       data     extern C:\MCC18\v3_39\src\traditional\math\barg.asm
                 __BARGB2   0x00000a       data     extern C:\MCC18\v3_39\src\traditional\math\barg.asm
                 __BARGB3   0x000009       data     extern C:\MCC18\v3_39\src\traditional\math\barg.asm
                   __BEXP   0x00000d       data     extern C:\MCC18\v3_39\src\traditional\math\barg.asm
                __FPFLAGS   0x00000f       data     extern C:\MCC18\v3_39\src\traditional\math\cmath18.asm
            __FPFLAGSbits   0x00000f       data     extern C:\MCC18\v3_39\src\traditional\math\cmath18.asm
                  __REMB0   0x000003       data     extern C:\MCC18\v3_39\src\traditional\math\aarg.asm
                  __REMB1   0x000002       data     extern C:\MCC18\v3_39\src\traditional\math\aarg.asm
                  __REMB2   0x000001       data     extern C:\MCC18\v3_39\src\traditional\math\aarg.asm
                  __REMB3   0x000000       data     extern C:\MCC18\v3_39\src\traditional\math\aarg.asm
                   __TEMP   0x000013       data     extern C:\MCC18\v3_39\src\traditional\math\temparg.asm
                 __TEMPB0   0x000013       data     extern C:\MCC18\v3_39\src\traditional\math\temparg.asm
                 __TEMPB1   0x000012       data     extern C:\MCC18\v3_39\src\traditional\math\temparg.asm
                 __TEMPB2   0x000011       data     extern C:\MCC18\v3_39\src\traditional\math\temparg.asm
                 __TEMPB3   0x000010       data     extern C:\MCC18\v3_39\src\traditional\math\temparg.asm
                  __tmp_0   0x000014       data     static D:\Engr. Abdullah Tahir\Confidential\PROJECTS\PIC18 Digital Temperature Sensor\Interrupt Based\PORTB Code.c
                curr_byte   0x000083       data     static C:\MCC18\v3_39\src\traditional\startup\c018i.c
               curr_entry   0x000085       data     static C:\MCC18\v3_39\src\traditional\startup\c018i.c
                       d1   0x00008d       data     extern D:\Engr. Abdullah Tahir\Confidential\PROJECTS\PIC18 Digital Temperature Sensor\Interrupt Based\PORTB Code.c
                       d2   0x00008e       data     extern D:\Engr. Abdullah Tahir\Confidential\PROJECTS\PIC18 Digital Temperature Sensor\Interrupt Based\PORTB Code.c
                       d3   0x00008f       data     extern D:\Engr. Abdullah Tahir\Confidential\PROJECTS\PIC18 Digital Temperature Sensor\Interrupt Based\PORTB Code.c
                 data_ptr   0x000087       data     static C:\MCC18\v3_39\src\traditional\startup\c018i.c
                      dec   0x000090       data     extern D:\Engr. Abdullah Tahir\Confidential\PROJECTS\PIC18 Digital Temperature Sensor\Interrupt Based\PORTB Code.c
                        i   0x00008a       data     extern D:\Engr. Abdullah Tahir\Confidential\PROJECTS\PIC18 Digital Temperature Sensor\Interrupt Based\PORTB Code.c
                        j   0x00008b       data     extern D:\Engr. Abdullah Tahir\Confidential\PROJECTS\PIC18 Digital Temperature Sensor\Interrupt Based\PORTB Code.c
                        k   0x00008c       data     extern D:\Engr. Abdullah Tahir\Confidential\PROJECTS\PIC18 Digital Temperature Sensor\Interrupt Based\PORTB Code.c
                     prom   0x000080       data     static C:\MCC18\v3_39\src\traditional\startup\c018i.c



                              Symbols - Sorted by Address
                     Name    Address   Location    Storage File                     
                ---------  ---------  ---------  --------- ---------                
                   _entry   0x000000    program     extern C:\MCC18\v3_39\src\traditional\startup\c018i.c
       ___return_lbl00000   0x000004    program     static                          
                      HPI   0x000008    program     extern D:\Engr. Abdullah Tahir\Confidential\PROJECTS\PIC18 Digital Temperature Sensor\Interrupt Based\PORTB Code.c
       ___return_lbl00002   0x00000c    program     static                          
              check_cause   0x00000e    program     extern D:\Engr. Abdullah Tahir\Confidential\PROJECTS\PIC18 Digital Temperature Sensor\Interrupt Based\PORTB Code.c
                     main   0x0000a4    program     extern D:\Engr. Abdullah Tahir\Confidential\PROJECTS\PIC18 Digital Temperature Sensor\Interrupt Based\PORTB Code.c
                  lcddata   0x0002f2    program     extern D:\Engr. Abdullah Tahir\Confidential\PROJECTS\PIC18 Digital Temperature Sensor\Interrupt Based\PORTB Code.c
                 lcdready   0x00032a    program     extern D:\Engr. Abdullah Tahir\Confidential\PROJECTS\PIC18 Digital Temperature Sensor\Interrupt Based\PORTB Code.c
                   lcdcmd   0x000354    program     extern D:\Engr. Abdullah Tahir\Confidential\PROJECTS\PIC18 Digital Temperature Sensor\Interrupt Based\PORTB Code.c
              bin_2_ascii   0x00038c    program     extern D:\Engr. Abdullah Tahir\Confidential\PROJECTS\PIC18 Digital Temperature Sensor\Interrupt Based\PORTB Code.c
                    delay   0x000416    program     extern D:\Engr. Abdullah Tahir\Confidential\PROJECTS\PIC18 Digital Temperature Sensor\Interrupt Based\PORTB Code.c
                 FLO0832U   0x0004a0    program     extern C:\MCC18\v3_39\src\traditional\math\cast08FP.asm
                 FLO0832S   0x0004a4    program     extern C:\MCC18\v3_39\src\traditional\math\cast08FP.asm
                jI2F08Beg   0x0004ae    program     static C:\MCC18\v3_39\src\traditional\math\cast08FP.asm
                  TAGTB32   0x0004c2    program     extern C:\MCC18\v3_39\src\traditional\math\gtFP.asm
              __FpCompare   0x0004d4    program     extern C:\MCC18\v3_39\src\traditional\math\compFP.asm
             jBothNotZero   0x0004f2    program     static C:\MCC18\v3_39\src\traditional\math\compFP.asm
                 jSignsEQ   0x0004f6    program     static C:\MCC18\v3_39\src\traditional\math\compFP.asm
                      jEQ   0x00050e    program     static C:\MCC18\v3_39\src\traditional\math\compFP.asm
                      jNE   0x000512    program     static C:\MCC18\v3_39\src\traditional\math\compFP.asm
                    jExch   0x00051a    program     static C:\MCC18\v3_39\src\traditional\math\compFP.asm
                  jNoExch   0x00053a    program     static C:\MCC18\v3_39\src\traditional\math\compFP.asm
                   jFinal   0x000544    program     static C:\MCC18\v3_39\src\traditional\math\compFP.asm
                  jAisNeg   0x000550    program     static C:\MCC18\v3_39\src\traditional\math\compFP.asm
                   jShift   0x000556    program     static C:\MCC18\v3_39\src\traditional\math\compFP.asm
                   jExpEQ   0x000560    program     static C:\MCC18\v3_39\src\traditional\math\compFP.asm
                  jRotate   0x00056c    program     static C:\MCC18\v3_39\src\traditional\math\compFP.asm
            __FpReturnNaN   0x00057e    program     extern C:\MCC18\v3_39\src\traditional\math\packFP.asm
                 __FpExit   0x00058a    program     extern C:\MCC18\v3_39\src\traditional\math\packFP.asm
        __FpReturnSignInf   0x00058c    program     extern C:\MCC18\v3_39\src\traditional\math\packFP.asm
         __FpReturnNegInf   0x000590    program     extern C:\MCC18\v3_39\src\traditional\math\packFP.asm
         __FpReturnPosInf   0x000596    program     extern C:\MCC18\v3_39\src\traditional\math\packFP.asm
           jReturnPosInf0   0x00059a    program     static C:\MCC18\v3_39\src\traditional\math\packFP.asm
               jZero1and2   0x00059e    program     static C:\MCC18\v3_39\src\traditional\math\packFP.asm
       __FpReturnSignZero   0x0005a4    program     extern C:\MCC18\v3_39\src\traditional\math\packFP.asm
        __FpReturnNegZero   0x0005a8    program     extern C:\MCC18\v3_39\src\traditional\math\packFP.asm
        __FpReturnPosZero   0x0005b0    program     extern C:\MCC18\v3_39\src\traditional\math\packFP.asm
                 __FpPack   0x0005b6    program     extern C:\MCC18\v3_39\src\traditional\math\packFP.asm
                  jPkLoop   0x0005c4    program     static C:\MCC18\v3_39\src\traditional\math\packFP.asm
             jPkShiftDone   0x0005e0    program     static C:\MCC18\v3_39\src\traditional\math\packFP.asm
               jPkRoundIt   0x0005f6    program     static C:\MCC18\v3_39\src\traditional\math\packFP.asm
              __FpReturnW   0x00060e    program     extern C:\MCC18\v3_39\src\traditional\math\packFP.asm
             jPkRoundDone   0x00060e    program     static C:\MCC18\v3_39\src\traditional\math\packFP.asm
              __FpUnPackA   0x00062e    program     extern C:\MCC18\v3_39\src\traditional\math\UnpackFP.asm
                  jUnpkA1   0x000638    program     static C:\MCC18\v3_39\src\traditional\math\UnpackFP.asm
                 jUnpkANZ   0x000646    program     static C:\MCC18\v3_39\src\traditional\math\UnpackFP.asm
                  jUnpkA2   0x000650    program     static C:\MCC18\v3_39\src\traditional\math\UnpackFP.asm
                 jUnpkNaN   0x00065a    program     static C:\MCC18\v3_39\src\traditional\math\UnpackFP.asm
              __FpUnPackB   0x00065e    program     extern C:\MCC18\v3_39\src\traditional\math\UnpackFP.asm
                  jUnpkB1   0x000668    program     static C:\MCC18\v3_39\src\traditional\math\UnpackFP.asm
                 jUnpkBNZ   0x000676    program     static C:\MCC18\v3_39\src\traditional\math\UnpackFP.asm
                  jUnpkB2   0x000680    program     static C:\MCC18\v3_39\src\traditional\math\UnpackFP.asm
                _do_cinit   0x00068a    program     extern C:\MCC18\v3_39\src\traditional\startup\c018i.c
                     test   0x0006a4    program     static                          
                copy_loop   0x0006fc    program     static                          
            copy_one_byte   0x000702    program     static                          
             done_copying   0x000710    program     static                          
                     done   0x000726    program     static                          
       ___return_lbl00002   0x000726    program     static                          
            __zero_memory   0x000728    program     extern C:\MCC18\v3_39\src\traditional\proc\p18F452.asm
               zero_block   0x000736    program     static C:\MCC18\v3_39\src\traditional\proc\p18F452.asm
                   loop_h   0x000736    program     static C:\MCC18\v3_39\src\traditional\proc\p18F452.asm
                compare_l   0x00073e    program     static C:\MCC18\v3_39\src\traditional\proc\p18F452.asm
                   loop_l   0x000740    program     static C:\MCC18\v3_39\src\traditional\proc\p18F452.asm
                 _startup   0x000748    program     extern C:\MCC18\v3_39\src\traditional\startup\c018i.c
                     loop   0x000758    program     static                          
       ___return_lbl00001   0x000762    program     static                          
                   strlen   0x000764    program     extern C:\MCC18\v3_39\src\traditional\stdclib\strlen.asm
                    jLoop   0x000774    program     static C:\MCC18\v3_39\src\traditional\stdclib\strlen.asm
                     jEnd   0x00077e    program     static C:\MCC18\v3_39\src\traditional\stdclib\strlen.asm
                 FXD0808U   0x000780    program     extern C:\MCC18\v3_39\src\traditional\math\fxd0808u.c
                     loop   0x000788    program     static                          
                  endloop   0x000796    program     static                          
       ___return_lbl00000   0x00079a    program     static                          
                   __init   0x00079c    program     extern C:\MCC18\v3_39\src\traditional\stdclib\__init.c
               __config_0   0x300001    program     static D:\Engr. Abdullah Tahir\Confidential\PROJECTS\PIC18 Digital Temperature Sensor\Interrupt Based\PORTB Code.c
               __config_1   0x300002    program     static D:\Engr. Abdullah Tahir\Confidential\PROJECTS\PIC18 Digital Temperature Sensor\Interrupt Based\PORTB Code.c
               __config_2   0x300003    program     static D:\Engr. Abdullah Tahir\Confidential\PROJECTS\PIC18 Digital Temperature Sensor\Interrupt Based\PORTB Code.c
               __config_3   0x300006    program     static D:\Engr. Abdullah Tahir\Confidential\PROJECTS\PIC18 Digital Temperature Sensor\Interrupt Based\PORTB Code.c
                  __REMB3   0x000000       data     extern C:\MCC18\v3_39\src\traditional\math\aarg.asm
                 __AARGB7   0x000000       data     extern C:\MCC18\v3_39\src\traditional\math\aarg.asm
                  __REMB2   0x000001       data     extern C:\MCC18\v3_39\src\traditional\math\aarg.asm
                 __AARGB6   0x000001       data     extern C:\MCC18\v3_39\src\traditional\math\aarg.asm
                  __REMB1   0x000002       data     extern C:\MCC18\v3_39\src\traditional\math\aarg.asm
                 __AARGB5   0x000002       data     extern C:\MCC18\v3_39\src\traditional\math\aarg.asm
                  __REMB0   0x000003       data     extern C:\MCC18\v3_39\src\traditional\math\aarg.asm
                 __AARGB4   0x000003       data     extern C:\MCC18\v3_39\src\traditional\math\aarg.asm
                 __AARGB3   0x000004       data     extern C:\MCC18\v3_39\src\traditional\math\aarg.asm
                 __AARGB2   0x000005       data     extern C:\MCC18\v3_39\src\traditional\math\aarg.asm
                 __AARGB1   0x000006       data     extern C:\MCC18\v3_39\src\traditional\math\aarg.asm
                 __AARGB0   0x000007       data     extern C:\MCC18\v3_39\src\traditional\math\aarg.asm
                   __AEXP   0x000008       data     extern C:\MCC18\v3_39\src\traditional\math\aarg.asm
                 __BARGB3   0x000009       data     extern C:\MCC18\v3_39\src\traditional\math\barg.asm
                 __BARGB2   0x00000a       data     extern C:\MCC18\v3_39\src\traditional\math\barg.asm
                 __BARGB1   0x00000b       data     extern C:\MCC18\v3_39\src\traditional\math\barg.asm
                 __BARGB0   0x00000c       data     extern C:\MCC18\v3_39\src\traditional\math\barg.asm
                   __BEXP   0x00000d       data     extern C:\MCC18\v3_39\src\traditional\math\barg.asm
                     SIGN   0x00000e       data     extern C:\MCC18\v3_39\src\traditional\math\cmath18.asm
                __FPFLAGS   0x00000f       data     extern C:\MCC18\v3_39\src\traditional\math\cmath18.asm
            __FPFLAGSbits   0x00000f       data     extern C:\MCC18\v3_39\src\traditional\math\cmath18.asm
                 __TEMPB3   0x000010       data     extern C:\MCC18\v3_39\src\traditional\math\temparg.asm
                 __TEMPB2   0x000011       data     extern C:\MCC18\v3_39\src\traditional\math\temparg.asm
                 __TEMPB1   0x000012       data     extern C:\MCC18\v3_39\src\traditional\math\temparg.asm
                   __TEMP   0x000013       data     extern C:\MCC18\v3_39\src\traditional\math\temparg.asm
                 __TEMPB0   0x000013       data     extern C:\MCC18\v3_39\src\traditional\math\temparg.asm
                  __tmp_0   0x000014       data     static D:\Engr. Abdullah Tahir\Confidential\PROJECTS\PIC18 Digital Temperature Sensor\Interrupt Based\PORTB Code.c
                     prom   0x000080       data     static C:\MCC18\v3_39\src\traditional\startup\c018i.c
                curr_byte   0x000083       data     static C:\MCC18\v3_39\src\traditional\startup\c018i.c
               curr_entry   0x000085       data     static C:\MCC18\v3_39\src\traditional\startup\c018i.c
                 data_ptr   0x000087       data     static C:\MCC18\v3_39\src\traditional\startup\c018i.c
                        i   0x00008a       data     extern D:\Engr. Abdullah Tahir\Confidential\PROJECTS\PIC18 Digital Temperature Sensor\Interrupt Based\PORTB Code.c
                        j   0x00008b       data     extern D:\Engr. Abdullah Tahir\Confidential\PROJECTS\PIC18 Digital Temperature Sensor\Interrupt Based\PORTB Code.c
                        k   0x00008c       data     extern D:\Engr. Abdullah Tahir\Confidential\PROJECTS\PIC18 Digital Temperature Sensor\Interrupt Based\PORTB Code.c
                       d1   0x00008d       data     extern D:\Engr. Abdullah Tahir\Confidential\PROJECTS\PIC18 Digital Temperature Sensor\Interrupt Based\PORTB Code.c
                       d2   0x00008e       data     extern D:\Engr. Abdullah Tahir\Confidential\PROJECTS\PIC18 Digital Temperature Sensor\Interrupt Based\PORTB Code.c
                       d3   0x00008f       data     extern D:\Engr. Abdullah Tahir\Confidential\PROJECTS\PIC18 Digital Temperature Sensor\Interrupt Based\PORTB Code.c
                      dec   0x000090       data     extern D:\Engr. Abdullah Tahir\Confidential\PROJECTS\PIC18 Digital Temperature Sensor\Interrupt Based\PORTB Code.c
                    PORTA   0x000f80       data     extern C:\MCC18\v3_39\src\traditional\proc\p18F452.asm
                PORTAbits   0x000f80       data     extern C:\MCC18\v3_39\src\traditional\proc\p18F452.asm
                PORTBbits   0x000f81       data     extern C:\MCC18\v3_39\src\traditional\proc\p18F452.asm
                    PORTB   0x000f81       data     extern C:\MCC18\v3_39\src\traditional\proc\p18F452.asm
                PORTCbits   0x000f82       data     extern C:\MCC18\v3_39\src\traditional\proc\p18F452.asm
                    PORTC   0x000f82       data     extern C:\MCC18\v3_39\src\traditional\proc\p18F452.asm
                PORTDbits   0x000f83       data     extern C:\MCC18\v3_39\src\traditional\proc\p18F452.asm
                    PORTD   0x000f83       data     extern C:\MCC18\v3_39\src\traditional\proc\p18F452.asm
                    PORTE   0x000f84       data     extern C:\MCC18\v3_39\src\traditional\proc\p18F452.asm
                PORTEbits   0x000f84       data     extern C:\MCC18\v3_39\src\traditional\proc\p18F452.asm
                 LATAbits   0x000f89       data     extern C:\MCC18\v3_39\src\traditional\proc\p18F452.asm
                     LATA   0x000f89       data     extern C:\MCC18\v3_39\src\traditional\proc\p18F452.asm
                 LATBbits   0x000f8a       data     extern C:\MCC18\v3_39\src\traditional\proc\p18F452.asm
                     LATB   0x000f8a       data     extern C:\MCC18\v3_39\src\traditional\proc\p18F452.asm
                     LATC   0x000f8b       data     extern C:\MCC18\v3_39\src\traditional\proc\p18F452.asm
                 LATCbits   0x000f8b       data     extern C:\MCC18\v3_39\src\traditional\proc\p18F452.asm
                     LATD   0x000f8c       data     extern C:\MCC18\v3_39\src\traditional\proc\p18F452.asm
                 LATDbits   0x000f8c       data     extern C:\MCC18\v3_39\src\traditional\proc\p18F452.asm
                     LATE   0x000f8d       data     extern C:\MCC18\v3_39\src\traditional\proc\p18F452.asm
                 LATEbits   0x000f8d       data     extern C:\MCC18\v3_39\src\traditional\proc\p18F452.asm
                 DDRAbits   0x000f92       data     extern C:\MCC18\v3_39\src\traditional\proc\p18F452.asm
                     DDRA   0x000f92       data     extern C:\MCC18\v3_39\src\traditional\proc\p18F452.asm
                    TRISA   0x000f92       data     extern C:\MCC18\v3_39\src\traditional\proc\p18F452.asm
                TRISAbits   0x000f92       data     extern C:\MCC18\v3_39\src\traditional\proc\p18F452.asm
                    TRISB   0x000f93       data     extern C:\MCC18\v3_39\src\traditional\proc\p18F452.asm
                     DDRB   0x000f93       data     extern C:\MCC18\v3_39\src\traditional\proc\p18F452.asm
                 DDRBbits   0x000f93       data     extern C:\MCC18\v3_39\src\traditional\proc\p18F452.asm
                TRISBbits   0x000f93       data     extern C:\MCC18\v3_39\src\traditional\proc\p18F452.asm
                     DDRC   0x000f94       data     extern C:\MCC18\v3_39\src\traditional\proc\p18F452.asm
                 DDRCbits   0x000f94       data     extern C:\MCC18\v3_39\src\traditional\proc\p18F452.asm
                    TRISC   0x000f94       data     extern C:\MCC18\v3_39\src\traditional\proc\p18F452.asm
                TRISCbits   0x000f94       data     extern C:\MCC18\v3_39\src\traditional\proc\p18F452.asm
                 DDRDbits   0x000f95       data     extern C:\MCC18\v3_39\src\traditional\proc\p18F452.asm
                     DDRD   0x000f95       data     extern C:\MCC18\v3_39\src\traditional\proc\p18F452.asm
                TRISDbits   0x000f95       data     extern C:\MCC18\v3_39\src\traditional\proc\p18F452.asm
                    TRISD   0x000f95       data     extern C:\MCC18\v3_39\src\traditional\proc\p18F452.asm
                     DDRE   0x000f96       data     extern C:\MCC18\v3_39\src\traditional\proc\p18F452.asm
                 DDREbits   0x000f96       data     extern C:\MCC18\v3_39\src\traditional\proc\p18F452.asm
                TRISEbits   0x000f96       data     extern C:\MCC18\v3_39\src\traditional\proc\p18F452.asm
                    TRISE   0x000f96       data     extern C:\MCC18\v3_39\src\traditional\proc\p18F452.asm
                     PIE1   0x000f9d       data     extern C:\MCC18\v3_39\src\traditional\proc\p18F452.asm
                 PIE1bits   0x000f9d       data     extern C:\MCC18\v3_39\src\traditional\proc\p18F452.asm
                     PIR1   0x000f9e       data     extern C:\MCC18\v3_39\src\traditional\proc\p18F452.asm
                 PIR1bits   0x000f9e       data     extern C:\MCC18\v3_39\src\traditional\proc\p18F452.asm
                 IPR1bits   0x000f9f       data     extern C:\MCC18\v3_39\src\traditional\proc\p18F452.asm
                     IPR1   0x000f9f       data     extern C:\MCC18\v3_39\src\traditional\proc\p18F452.asm
                 PIE2bits   0x000fa0       data     extern C:\MCC18\v3_39\src\traditional\proc\p18F452.asm
                     PIE2   0x000fa0       data     extern C:\MCC18\v3_39\src\traditional\proc\p18F452.asm
                 PIR2bits   0x000fa1       data     extern C:\MCC18\v3_39\src\traditional\proc\p18F452.asm
                     PIR2   0x000fa1       data     extern C:\MCC18\v3_39\src\traditional\proc\p18F452.asm
                     IPR2   0x000fa2       data     extern C:\MCC18\v3_39\src\traditional\proc\p18F452.asm
                 IPR2bits   0x000fa2       data     extern C:\MCC18\v3_39\src\traditional\proc\p18F452.asm
               EECON1bits   0x000fa6       data     extern C:\MCC18\v3_39\src\traditional\proc\p18F452.asm
                   EECON1   0x000fa6       data     extern C:\MCC18\v3_39\src\traditional\proc\p18F452.asm
                   EECON2   0x000fa7       data     extern C:\MCC18\v3_39\src\traditional\proc\p18F452.asm
                   EEDATA   0x000fa8       data     extern C:\MCC18\v3_39\src\traditional\proc\p18F452.asm
                    EEADR   0x000fa9       data     extern C:\MCC18\v3_39\src\traditional\proc\p18F452.asm
                    RCSTA   0x000fab       data     extern C:\MCC18\v3_39\src\traditional\proc\p18F452.asm
                RCSTAbits   0x000fab       data     extern C:\MCC18\v3_39\src\traditional\proc\p18F452.asm
                TXSTAbits   0x000fac       data     extern C:\MCC18\v3_39\src\traditional\proc\p18F452.asm
                    TXSTA   0x000fac       data     extern C:\MCC18\v3_39\src\traditional\proc\p18F452.asm
                    TXREG   0x000fad       data     extern C:\MCC18\v3_39\src\traditional\proc\p18F452.asm
                    RCREG   0x000fae       data     extern C:\MCC18\v3_39\src\traditional\proc\p18F452.asm
                    SPBRG   0x000faf       data     extern C:\MCC18\v3_39\src\traditional\proc\p18F452.asm
                T3CONbits   0x000fb1       data     extern C:\MCC18\v3_39\src\traditional\proc\p18F452.asm
                    T3CON   0x000fb1       data     extern C:\MCC18\v3_39\src\traditional\proc\p18F452.asm
                    TMR3L   0x000fb2       data     extern C:\MCC18\v3_39\src\traditional\proc\p18F452.asm
                    TMR3H   0x000fb3       data     extern C:\MCC18\v3_39\src\traditional\proc\p18F452.asm
                  CCP2CON   0x000fba       data     extern C:\MCC18\v3_39\src\traditional\proc\p18F452.asm
              CCP2CONbits   0x000fba       data     extern C:\MCC18\v3_39\src\traditional\proc\p18F452.asm
                    CCPR2   0x000fbb       data     extern C:\MCC18\v3_39\src\traditional\proc\p18F452.asm
                   CCPR2L   0x000fbb       data     extern C:\MCC18\v3_39\src\traditional\proc\p18F452.asm
                   CCPR2H   0x000fbc       data     extern C:\MCC18\v3_39\src\traditional\proc\p18F452.asm
                  CCP1CON   0x000fbd       data     extern C:\MCC18\v3_39\src\traditional\proc\p18F452.asm
              CCP1CONbits   0x000fbd       data     extern C:\MCC18\v3_39\src\traditional\proc\p18F452.asm
                    CCPR1   0x000fbe       data     extern C:\MCC18\v3_39\src\traditional\proc\p18F452.asm
                   CCPR1L   0x000fbe       data     extern C:\MCC18\v3_39\src\traditional\proc\p18F452.asm
                   CCPR1H   0x000fbf       data     extern C:\MCC18\v3_39\src\traditional\proc\p18F452.asm
               ADCON1bits   0x000fc1       data     extern C:\MCC18\v3_39\src\traditional\proc\p18F452.asm
                   ADCON1   0x000fc1       data     extern C:\MCC18\v3_39\src\traditional\proc\p18F452.asm
                   ADCON0   0x000fc2       data     extern C:\MCC18\v3_39\src\traditional\proc\p18F452.asm
               ADCON0bits   0x000fc2       data     extern C:\MCC18\v3_39\src\traditional\proc\p18F452.asm
                    ADRES   0x000fc3       data     extern C:\MCC18\v3_39\src\traditional\proc\p18F452.asm
                   ADRESL   0x000fc3       data     extern C:\MCC18\v3_39\src\traditional\proc\p18F452.asm
                   ADRESH   0x000fc4       data     extern C:\MCC18\v3_39\src\traditional\proc\p18F452.asm
                  SSPCON2   0x000fc5       data     extern C:\MCC18\v3_39\src\traditional\proc\p18F452.asm
              SSPCON2bits   0x000fc5       data     extern C:\MCC18\v3_39\src\traditional\proc\p18F452.asm
                  SSPCON1   0x000fc6       data     extern C:\MCC18\v3_39\src\traditional\proc\p18F452.asm
              SSPCON1bits   0x000fc6       data     extern C:\MCC18\v3_39\src\traditional\proc\p18F452.asm
                  SSPSTAT   0x000fc7       data     extern C:\MCC18\v3_39\src\traditional\proc\p18F452.asm
              SSPSTATbits   0x000fc7       data     extern C:\MCC18\v3_39\src\traditional\proc\p18F452.asm
                   SSPADD   0x000fc8       data     extern C:\MCC18\v3_39\src\traditional\proc\p18F452.asm
                   SSPBUF   0x000fc9       data     extern C:\MCC18\v3_39\src\traditional\proc\p18F452.asm
                    T2CON   0x000fca       data     extern C:\MCC18\v3_39\src\traditional\proc\p18F452.asm
                T2CONbits   0x000fca       data     extern C:\MCC18\v3_39\src\traditional\proc\p18F452.asm
                      PR2   0x000fcb       data     extern C:\MCC18\v3_39\src\traditional\proc\p18F452.asm
                     TMR2   0x000fcc       data     extern C:\MCC18\v3_39\src\traditional\proc\p18F452.asm
                T1CONbits   0x000fcd       data     extern C:\MCC18\v3_39\src\traditional\proc\p18F452.asm
                    T1CON   0x000fcd       data     extern C:\MCC18\v3_39\src\traditional\proc\p18F452.asm
                    TMR1L   0x000fce       data     extern C:\MCC18\v3_39\src\traditional\proc\p18F452.asm
                    TMR1H   0x000fcf       data     extern C:\MCC18\v3_39\src\traditional\proc\p18F452.asm
                 RCONbits   0x000fd0       data     extern C:\MCC18\v3_39\src\traditional\proc\p18F452.asm
                     RCON   0x000fd0       data     extern C:\MCC18\v3_39\src\traditional\proc\p18F452.asm
               WDTCONbits   0x000fd1       data     extern C:\MCC18\v3_39\src\traditional\proc\p18F452.asm
                   WDTCON   0x000fd1       data     extern C:\MCC18\v3_39\src\traditional\proc\p18F452.asm
               LVDCONbits   0x000fd2       data     extern C:\MCC18\v3_39\src\traditional\proc\p18F452.asm
                   LVDCON   0x000fd2       data     extern C:\MCC18\v3_39\src\traditional\proc\p18F452.asm
                   OSCCON   0x000fd3       data     extern C:\MCC18\v3_39\src\traditional\proc\p18F452.asm
               OSCCONbits   0x000fd3       data     extern C:\MCC18\v3_39\src\traditional\proc\p18F452.asm
                T0CONbits   0x000fd5       data     extern C:\MCC18\v3_39\src\traditional\proc\p18F452.asm
                    T0CON   0x000fd5       data     extern C:\MCC18\v3_39\src\traditional\proc\p18F452.asm
                    TMR0L   0x000fd6       data     extern C:\MCC18\v3_39\src\traditional\proc\p18F452.asm
                    TMR0H   0x000fd7       data     extern C:\MCC18\v3_39\src\traditional\proc\p18F452.asm
                   STATUS   0x000fd8       data     extern C:\MCC18\v3_39\src\traditional\proc\p18F452.asm
               STATUSbits   0x000fd8       data     extern C:\MCC18\v3_39\src\traditional\proc\p18F452.asm
                    FSR2L   0x000fd9       data     extern C:\MCC18\v3_39\src\traditional\proc\p18F452.asm
                     FSR2   0x000fd9       data     extern C:\MCC18\v3_39\src\traditional\proc\p18F452.asm
                    FSR2H   0x000fda       data     extern C:\MCC18\v3_39\src\traditional\proc\p18F452.asm
                   PLUSW2   0x000fdb       data     extern C:\MCC18\v3_39\src\traditional\proc\p18F452.asm
                  PREINC2   0x000fdc       data     extern C:\MCC18\v3_39\src\traditional\proc\p18F452.asm
                 POSTDEC2   0x000fdd       data     extern C:\MCC18\v3_39\src\traditional\proc\p18F452.asm
                 POSTINC2   0x000fde       data     extern C:\MCC18\v3_39\src\traditional\proc\p18F452.asm
                    INDF2   0x000fdf       data     extern C:\MCC18\v3_39\src\traditional\proc\p18F452.asm
                      BSR   0x000fe0       data     extern C:\MCC18\v3_39\src\traditional\proc\p18F452.asm
                    FSR1L   0x000fe1       data     extern C:\MCC18\v3_39\src\traditional\proc\p18F452.asm
                     FSR1   0x000fe1       data     extern C:\MCC18\v3_39\src\traditional\proc\p18F452.asm
                    FSR1H   0x000fe2       data     extern C:\MCC18\v3_39\src\traditional\proc\p18F452.asm
                   PLUSW1   0x000fe3       data     extern C:\MCC18\v3_39\src\traditional\proc\p18F452.asm
                  PREINC1   0x000fe4       data     extern C:\MCC18\v3_39\src\traditional\proc\p18F452.asm
                 POSTDEC1   0x000fe5       data     extern C:\MCC18\v3_39\src\traditional\proc\p18F452.asm
                 POSTINC1   0x000fe6       data     extern C:\MCC18\v3_39\src\traditional\proc\p18F452.asm
                    INDF1   0x000fe7       data     extern C:\MCC18\v3_39\src\traditional\proc\p18F452.asm
                        W   0x000fe8       data     extern C:\MCC18\v3_39\src\traditional\proc\p18F452.asm
                     WREG   0x000fe8       data     extern C:\MCC18\v3_39\src\traditional\proc\p18F452.asm
                    FSR0L   0x000fe9       data     extern C:\MCC18\v3_39\src\traditional\proc\p18F452.asm
                     FSR0   0x000fe9       data     extern C:\MCC18\v3_39\src\traditional\proc\p18F452.asm
                    FSR0H   0x000fea       data     extern C:\MCC18\v3_39\src\traditional\proc\p18F452.asm
                   PLUSW0   0x000feb       data     extern C:\MCC18\v3_39\src\traditional\proc\p18F452.asm
                  PREINC0   0x000fec       data     extern C:\MCC18\v3_39\src\traditional\proc\p18F452.asm
                 POSTDEC0   0x000fed       data     extern C:\MCC18\v3_39\src\traditional\proc\p18F452.asm
                 POSTINC0   0x000fee       data     extern C:\MCC18\v3_39\src\traditional\proc\p18F452.asm
                    INDF0   0x000fef       data     extern C:\MCC18\v3_39\src\traditional\proc\p18F452.asm
              INTCON3bits   0x000ff0       data     extern C:\MCC18\v3_39\src\traditional\proc\p18F452.asm
                  INTCON3   0x000ff0       data     extern C:\MCC18\v3_39\src\traditional\proc\p18F452.asm
              INTCON2bits   0x000ff1       data     extern C:\MCC18\v3_39\src\traditional\proc\p18F452.asm
                  INTCON2   0x000ff1       data     extern C:\MCC18\v3_39\src\traditional\proc\p18F452.asm
               INTCONbits   0x000ff2       data     extern C:\MCC18\v3_39\src\traditional\proc\p18F452.asm
              INTCON1bits   0x000ff2       data     extern C:\MCC18\v3_39\src\traditional\proc\p18F452.asm
                  INTCON1   0x000ff2       data     extern C:\MCC18\v3_39\src\traditional\proc\p18F452.asm
                   INTCON   0x000ff2       data     extern C:\MCC18\v3_39\src\traditional\proc\p18F452.asm
                    PRODL   0x000ff3       data     extern C:\MCC18\v3_39\src\traditional\proc\p18F452.asm
                     PROD   0x000ff3       data     extern C:\MCC18\v3_39\src\traditional\proc\p18F452.asm
                    PRODH   0x000ff4       data     extern C:\MCC18\v3_39\src\traditional\proc\p18F452.asm
                   TABLAT   0x000ff5       data     extern C:\MCC18\v3_39\src\traditional\proc\p18F452.asm
                  TBLPTRL   0x000ff6       data     extern C:\MCC18\v3_39\src\traditional\proc\p18F452.asm
                   TBLPTR   0x000ff6       data     extern C:\MCC18\v3_39\src\traditional\proc\p18F452.asm
                  TBLPTRH   0x000ff7       data     extern C:\MCC18\v3_39\src\traditional\proc\p18F452.asm
                  TBLPTRU   0x000ff8       data     extern C:\MCC18\v3_39\src\traditional\proc\p18F452.asm
                      PCL   0x000ff9       data     extern C:\MCC18\v3_39\src\traditional\proc\p18F452.asm
                       PC   0x000ff9       data     extern C:\MCC18\v3_39\src\traditional\proc\p18F452.asm
                   PCLATH   0x000ffa       data     extern C:\MCC18\v3_39\src\traditional\proc\p18F452.asm
                   PCLATU   0x000ffb       data     extern C:\MCC18\v3_39\src\traditional\proc\p18F452.asm
               STKPTRbits   0x000ffc       data     extern C:\MCC18\v3_39\src\traditional\proc\p18F452.asm
                   STKPTR   0x000ffc       data     extern C:\MCC18\v3_39\src\traditional\proc\p18F452.asm
                     TOSL   0x000ffd       data     extern C:\MCC18\v3_39\src\traditional\proc\p18F452.asm
                      TOS   0x000ffd       data     extern C:\MCC18\v3_39\src\traditional\proc\p18F452.asm
                     TOSH   0x000ffe       data     extern C:\MCC18\v3_39\src\traditional\proc\p18F452.asm
                     TOSU   0x000fff       data     extern C:\MCC18\v3_39\src\traditional\proc\p18F452.asm


