MPLINK 4.40, Linker
Linker Map File - Created Sun Jul 08 23:29:01 2012

                                 Section Info
                  Section       Type    Address   Location Size(Bytes)
                ---------  ---------  ---------  ---------  ---------
               _entry_scn       code   0x000000    program   0x000006
                   .cinit    romdata   0x000006    program   0x000002
             .code_Code.o       code   0x000008    program   0x000772
                     PROG       code   0x00077a    program   0x0002f6
               _cinit_scn       code   0x000a70    program   0x00009e
          .romdata_Code.o    romdata   0x000b0e    program   0x000061
        .romdata___init.o    romdata   0x000b6f    program   0x000000
        .idata___init.o_i    romdata   0x000b6f    program   0x000000
      .romdata_fxd0808u.o    romdata   0x000b6f    program   0x000000
      .idata_fxd0808u.o_i    romdata   0x000b6f    program   0x000000
             .stringtable    romdata   0x000b6f    program   0x000000
          .idata_Code.o_i    romdata   0x000b6f    program   0x000000
         .romdata_c018i.o    romdata   0x000b6f    program   0x000000
         .idata_c018i.o_i    romdata   0x000b6f    program   0x000000
                    .code       code   0x000b70    program   0x000020
            .code_c018i.o       code   0x000b70    program   0x000000
             _startup_scn       code   0x000b90    program   0x00001c
         .code_fxd0808u.o       code   0x000bac    program   0x00001c
           .code___init.o       code   0x000bc8    program   0x000002
    .config_300001_Code.o    romdata   0x300001    program   0x000001
    .config_300002_Code.o    romdata   0x300002    program   0x000001
    .config_300003_Code.o    romdata   0x300003    program   0x000001
    .config_300006_Code.o    romdata   0x300006    program   0x000001
                MATH_DATA      udata   0x000000       data   0x000014
                 .tmpdata      udata   0x000014       data   0x000006
            .udata_Code.o      udata   0x000080       data   0x00000d
           .udata_c018i.o      udata   0x00008d       data   0x00000a
           .idata_c018i.o      idata   0x000097       data   0x000000
            .idata_Code.o      idata   0x000097       data   0x000000
        .udata_fxd0808u.o      udata   0x000097       data   0x000000
        .idata_fxd0808u.o      idata   0x000097       data   0x000000
          .udata___init.o      udata   0x000097       data   0x000000
          .idata___init.o      idata   0x000097       data   0x000000
                   .stack      udata   0x000500       data   0x000100
            SFR_UNBANKED0      udata   0x000f80       data   0x000080



                              Program Memory Usage 
                               Start         End      
                           ---------   ---------      
                            0x000000    0x000b6e      
                            0x000b70    0x000bc9      
                            0x300001    0x300003      
                            0x300006    0x300006      
            3021 out of 33048 program addresses used, program memory utilization is 9%



                              Symbols - Sorted by Name
                     Name    Address   Location    Storage File                     
                ---------  ---------  ---------  --------- ---------                
                    FPA32   0x00077c    program     extern C:\MCC18\v3_39\src\traditional\math\addFP.asm
                    FPS32   0x00077a    program     extern C:\MCC18\v3_39\src\traditional\math\addFP.asm
                 FXD0808U   0x000bac    program     extern C:\MCC18\v3_39\src\traditional\math\fxd0808u.c
                  TAGTB32   0x0008a8    program     extern C:\MCC18\v3_39\src\traditional\math\gtFP.asm
              __FpCompare   0x0008ba    program     extern C:\MCC18\v3_39\src\traditional\math\compFP.asm
                 __FpExit   0x000970    program     extern C:\MCC18\v3_39\src\traditional\math\packFP.asm
                 __FpPack   0x00099c    program     extern C:\MCC18\v3_39\src\traditional\math\packFP.asm
            __FpReturnNaN   0x000964    program     extern C:\MCC18\v3_39\src\traditional\math\packFP.asm
         __FpReturnNegInf   0x000976    program     extern C:\MCC18\v3_39\src\traditional\math\packFP.asm
        __FpReturnNegZero   0x00098e    program     extern C:\MCC18\v3_39\src\traditional\math\packFP.asm
         __FpReturnPosInf   0x00097c    program     extern C:\MCC18\v3_39\src\traditional\math\packFP.asm
        __FpReturnPosZero   0x000996    program     extern C:\MCC18\v3_39\src\traditional\math\packFP.asm
        __FpReturnSignInf   0x000972    program     extern C:\MCC18\v3_39\src\traditional\math\packFP.asm
       __FpReturnSignZero   0x00098a    program     extern C:\MCC18\v3_39\src\traditional\math\packFP.asm
              __FpReturnW   0x0009f4    program     extern C:\MCC18\v3_39\src\traditional\math\packFP.asm
              __FpUnPackA   0x000a14    program     extern C:\MCC18\v3_39\src\traditional\math\UnpackFP.asm
              __FpUnPackB   0x000a44    program     extern C:\MCC18\v3_39\src\traditional\math\UnpackFP.asm
       ___return_lbl00000   0x000004    program     static                          
       ___return_lbl00000   0x000bc6    program     static                          
       ___return_lbl00001   0x000baa    program     static                          
       ___return_lbl00002   0x000b0c    program     static                          
               __config_0   0x300001    program     static D:\Confidential - DON'T OPEN\Confidential\PROJECTS\PIC18 ADC\Using all ADC Channels\Code.c
               __config_1   0x300002    program     static D:\Confidential - DON'T OPEN\Confidential\PROJECTS\PIC18 ADC\Using all ADC Channels\Code.c
               __config_2   0x300003    program     static D:\Confidential - DON'T OPEN\Confidential\PROJECTS\PIC18 ADC\Using all ADC Channels\Code.c
               __config_3   0x300006    program     static D:\Confidential - DON'T OPEN\Confidential\PROJECTS\PIC18 ADC\Using all ADC Channels\Code.c
                   __init   0x000bc8    program     extern C:\MCC18\v3_39\src\traditional\stdclib\__init.c
            __zero_memory   0x000b70    program     extern C:\MCC18\v3_39\src\traditional\proc\p18F452.asm
                _do_cinit   0x000a70    program     extern C:\MCC18\v3_39\src\traditional\startup\c018i.c
                   _entry   0x000000    program     extern C:\MCC18\v3_39\src\traditional\startup\c018i.c
                 _startup   0x000b90    program     extern C:\MCC18\v3_39\src\traditional\startup\c018i.c
                      an0   0x000b0e    program     extern D:\Confidential - DON'T OPEN\Confidential\PROJECTS\PIC18 ADC\Using all ADC Channels\Code.c
                      an1   0x000b12    program     extern D:\Confidential - DON'T OPEN\Confidential\PROJECTS\PIC18 ADC\Using all ADC Channels\Code.c
                      an2   0x000b16    program     extern D:\Confidential - DON'T OPEN\Confidential\PROJECTS\PIC18 ADC\Using all ADC Channels\Code.c
                      an3   0x000b1a    program     extern D:\Confidential - DON'T OPEN\Confidential\PROJECTS\PIC18 ADC\Using all ADC Channels\Code.c
                      an4   0x000b1e    program     extern D:\Confidential - DON'T OPEN\Confidential\PROJECTS\PIC18 ADC\Using all ADC Channels\Code.c
                      an5   0x000b22    program     extern D:\Confidential - DON'T OPEN\Confidential\PROJECTS\PIC18 ADC\Using all ADC Channels\Code.c
                      an6   0x000b26    program     extern D:\Confidential - DON'T OPEN\Confidential\PROJECTS\PIC18 ADC\Using all ADC Channels\Code.c
                      an7   0x000b2a    program     extern D:\Confidential - DON'T OPEN\Confidential\PROJECTS\PIC18 ADC\Using all ADC Channels\Code.c
                compare_l   0x000b86    program     static C:\MCC18\v3_39\src\traditional\proc\p18F452.asm
                copy_loop   0x000ae2    program     static                          
            copy_one_byte   0x000ae8    program     static                          
                    delay   0x0006d2    program     extern D:\Confidential - DON'T OPEN\Confidential\PROJECTS\PIC18 ADC\Using all ADC Channels\Code.c
                     done   0x000b0c    program     static                          
             done_copying   0x000af6    program     static                          
                  endloop   0x000bc2    program     static                          
                 jANotInf   0x0007a4    program     static C:\MCC18\v3_39\src\traditional\math\addFP.asm
                 jANotNeg   0x000838    program     static C:\MCC18\v3_39\src\traditional\math\addFP.asm
              jAandWsetup   0x000808    program     static C:\MCC18\v3_39\src\traditional\math\addFP.asm
                  jAisNeg   0x000936    program     static C:\MCC18\v3_39\src\traditional\math\compFP.asm
                 jAltBexp   0x0007f6    program     static C:\MCC18\v3_39\src\traditional\math\addFP.asm
                jBANotInf   0x00079a    program     static C:\MCC18\v3_39\src\traditional\math\addFP.asm
                 jBNotInf   0x0007b2    program     static C:\MCC18\v3_39\src\traditional\math\addFP.asm
             jBothNotZero   0x0008d8    program     static C:\MCC18\v3_39\src\traditional\math\compFP.asm
            jDifOrPosSign   0x0007c6    program     static C:\MCC18\v3_39\src\traditional\math\addFP.asm
                      jEQ   0x0008f4    program     static C:\MCC18\v3_39\src\traditional\math\compFP.asm
                    jExch   0x000900    program     static C:\MCC18\v3_39\src\traditional\math\compFP.asm
                   jExpEQ   0x000946    program     static C:\MCC18\v3_39\src\traditional\math\compFP.asm
                   jFinal   0x00092a    program     static C:\MCC18\v3_39\src\traditional\math\compFP.asm
               jFinalSign   0x0008a0    program     static C:\MCC18\v3_39\src\traditional\math\addFP.asm
                      jNE   0x0008f8    program     static C:\MCC18\v3_39\src\traditional\math\compFP.asm
                  jNoExch   0x000920    program     static C:\MCC18\v3_39\src\traditional\math\compFP.asm
             jNotBothZero   0x0007ca    program     static C:\MCC18\v3_39\src\traditional\math\addFP.asm
                  jPkLoop   0x0009aa    program     static C:\MCC18\v3_39\src\traditional\math\packFP.asm
             jPkRoundDone   0x0009f4    program     static C:\MCC18\v3_39\src\traditional\math\packFP.asm
               jPkRoundIt   0x0009dc    program     static C:\MCC18\v3_39\src\traditional\math\packFP.asm
             jPkShiftDone   0x0009c6    program     static C:\MCC18\v3_39\src\traditional\math\packFP.asm
           jReturnPosInf0   0x000980    program     static C:\MCC18\v3_39\src\traditional\math\packFP.asm
                  jRotate   0x000952    program     static C:\MCC18\v3_39\src\traditional\math\compFP.asm
                   jShift   0x00093c    program     static C:\MCC18\v3_39\src\traditional\math\compFP.asm
               jShiftDone   0x000860    program     static C:\MCC18\v3_39\src\traditional\math\addFP.asm
               jShiftLoop   0x000852    program     static C:\MCC18\v3_39\src\traditional\math\addFP.asm
                jSignDone   0x000890    program     static C:\MCC18\v3_39\src\traditional\math\addFP.asm
                 jSignsEQ   0x0008dc    program     static C:\MCC18\v3_39\src\traditional\math\compFP.asm
                  jUnpkA1   0x000a1e    program     static C:\MCC18\v3_39\src\traditional\math\UnpackFP.asm
                  jUnpkA2   0x000a36    program     static C:\MCC18\v3_39\src\traditional\math\UnpackFP.asm
                 jUnpkANZ   0x000a2c    program     static C:\MCC18\v3_39\src\traditional\math\UnpackFP.asm
                  jUnpkB1   0x000a4e    program     static C:\MCC18\v3_39\src\traditional\math\UnpackFP.asm
                  jUnpkB2   0x000a66    program     static C:\MCC18\v3_39\src\traditional\math\UnpackFP.asm
                 jUnpkBNZ   0x000a5c    program     static C:\MCC18\v3_39\src\traditional\math\UnpackFP.asm
                 jUnpkNaN   0x000a40    program     static C:\MCC18\v3_39\src\traditional\math\UnpackFP.asm
                 jWNotNeg   0x00084c    program     static C:\MCC18\v3_39\src\traditional\math\addFP.asm
               jZero1and2   0x000984    program     static C:\MCC18\v3_39\src\traditional\math\packFP.asm
                   lcdcmd   0x000670    program     extern D:\Confidential - DON'T OPEN\Confidential\PROJECTS\PIC18 ADC\Using all ADC Channels\Code.c
                  lcddata   0x000638    program     extern D:\Confidential - DON'T OPEN\Confidential\PROJECTS\PIC18 ADC\Using all ADC Channels\Code.c
                 lcdready   0x0006a8    program     extern D:\Confidential - DON'T OPEN\Confidential\PROJECTS\PIC18 ADC\Using all ADC Channels\Code.c
                     loop   0x000ba0    program     static                          
                     loop   0x000bb4    program     static                          
                   loop_h   0x000b7e    program     static C:\MCC18\v3_39\src\traditional\proc\p18F452.asm
                   loop_l   0x000b88    program     static C:\MCC18\v3_39\src\traditional\proc\p18F452.asm
                     main   0x000008    program     extern D:\Confidential - DON'T OPEN\Confidential\PROJECTS\PIC18 ADC\Using all ADC Channels\Code.c
                       na   0x000b5a    program     extern D:\Confidential - DON'T OPEN\Confidential\PROJECTS\PIC18 ADC\Using all ADC Channels\Code.c
                       nd   0x000b36    program     extern D:\Confidential - DON'T OPEN\Confidential\PROJECTS\PIC18 ADC\Using all ADC Channels\Code.c
                       rd   0x000b49    program     extern D:\Confidential - DON'T OPEN\Confidential\PROJECTS\PIC18 ADC\Using all ADC Channels\Code.c
                       st   0x000b2e    program     extern D:\Confidential - DON'T OPEN\Confidential\PROJECTS\PIC18 ADC\Using all ADC Channels\Code.c
                    start   0x000216    program     extern D:\Confidential - DON'T OPEN\Confidential\PROJECTS\PIC18 ADC\Using all ADC Channels\Code.c
        start_bin_2_ascii   0x0004ea    program     extern D:\Confidential - DON'T OPEN\Confidential\PROJECTS\PIC18 ADC\Using all ADC Channels\Code.c
                     test   0x000a8a    program     static                          
                  welcome   0x000102    program     extern D:\Confidential - DON'T OPEN\Confidential\PROJECTS\PIC18 ADC\Using all ADC Channels\Code.c
               zero_block   0x000b7e    program     static C:\MCC18\v3_39\src\traditional\proc\p18F452.asm
                   ADCON0   0x000fc2       data     extern C:\MCC18\v3_39\src\traditional\proc\p18F452.asm
               ADCON0bits   0x000fc2       data     extern C:\MCC18\v3_39\src\traditional\proc\p18F452.asm
                   ADCON1   0x000fc1       data     extern C:\MCC18\v3_39\src\traditional\proc\p18F452.asm
               ADCON1bits   0x000fc1       data     extern C:\MCC18\v3_39\src\traditional\proc\p18F452.asm
                    ADRES   0x000fc3       data     extern C:\MCC18\v3_39\src\traditional\proc\p18F452.asm
                   ADRESH   0x000fc4       data     extern C:\MCC18\v3_39\src\traditional\proc\p18F452.asm
                   ADRESL   0x000fc3       data     extern C:\MCC18\v3_39\src\traditional\proc\p18F452.asm
                      BSR   0x000fe0       data     extern C:\MCC18\v3_39\src\traditional\proc\p18F452.asm
                  CCP1CON   0x000fbd       data     extern C:\MCC18\v3_39\src\traditional\proc\p18F452.asm
              CCP1CONbits   0x000fbd       data     extern C:\MCC18\v3_39\src\traditional\proc\p18F452.asm
                  CCP2CON   0x000fba       data     extern C:\MCC18\v3_39\src\traditional\proc\p18F452.asm
              CCP2CONbits   0x000fba       data     extern C:\MCC18\v3_39\src\traditional\proc\p18F452.asm
                    CCPR1   0x000fbe       data     extern C:\MCC18\v3_39\src\traditional\proc\p18F452.asm
                   CCPR1H   0x000fbf       data     extern C:\MCC18\v3_39\src\traditional\proc\p18F452.asm
                   CCPR1L   0x000fbe       data     extern C:\MCC18\v3_39\src\traditional\proc\p18F452.asm
                    CCPR2   0x000fbb       data     extern C:\MCC18\v3_39\src\traditional\proc\p18F452.asm
                   CCPR2H   0x000fbc       data     extern C:\MCC18\v3_39\src\traditional\proc\p18F452.asm
                   CCPR2L   0x000fbb       data     extern C:\MCC18\v3_39\src\traditional\proc\p18F452.asm
                     DDRA   0x000f92       data     extern C:\MCC18\v3_39\src\traditional\proc\p18F452.asm
                 DDRAbits   0x000f92       data     extern C:\MCC18\v3_39\src\traditional\proc\p18F452.asm
                     DDRB   0x000f93       data     extern C:\MCC18\v3_39\src\traditional\proc\p18F452.asm
                 DDRBbits   0x000f93       data     extern C:\MCC18\v3_39\src\traditional\proc\p18F452.asm
                     DDRC   0x000f94       data     extern C:\MCC18\v3_39\src\traditional\proc\p18F452.asm
                 DDRCbits   0x000f94       data     extern C:\MCC18\v3_39\src\traditional\proc\p18F452.asm
                     DDRD   0x000f95       data     extern C:\MCC18\v3_39\src\traditional\proc\p18F452.asm
                 DDRDbits   0x000f95       data     extern C:\MCC18\v3_39\src\traditional\proc\p18F452.asm
                     DDRE   0x000f96       data     extern C:\MCC18\v3_39\src\traditional\proc\p18F452.asm
                 DDREbits   0x000f96       data     extern C:\MCC18\v3_39\src\traditional\proc\p18F452.asm
                    EEADR   0x000fa9       data     extern C:\MCC18\v3_39\src\traditional\proc\p18F452.asm
                   EECON1   0x000fa6       data     extern C:\MCC18\v3_39\src\traditional\proc\p18F452.asm
               EECON1bits   0x000fa6       data     extern C:\MCC18\v3_39\src\traditional\proc\p18F452.asm
                   EECON2   0x000fa7       data     extern C:\MCC18\v3_39\src\traditional\proc\p18F452.asm
                   EEDATA   0x000fa8       data     extern C:\MCC18\v3_39\src\traditional\proc\p18F452.asm
                     FSR0   0x000fe9       data     extern C:\MCC18\v3_39\src\traditional\proc\p18F452.asm
                    FSR0H   0x000fea       data     extern C:\MCC18\v3_39\src\traditional\proc\p18F452.asm
                    FSR0L   0x000fe9       data     extern C:\MCC18\v3_39\src\traditional\proc\p18F452.asm
                     FSR1   0x000fe1       data     extern C:\MCC18\v3_39\src\traditional\proc\p18F452.asm
                    FSR1H   0x000fe2       data     extern C:\MCC18\v3_39\src\traditional\proc\p18F452.asm
                    FSR1L   0x000fe1       data     extern C:\MCC18\v3_39\src\traditional\proc\p18F452.asm
                     FSR2   0x000fd9       data     extern C:\MCC18\v3_39\src\traditional\proc\p18F452.asm
                    FSR2H   0x000fda       data     extern C:\MCC18\v3_39\src\traditional\proc\p18F452.asm
                    FSR2L   0x000fd9       data     extern C:\MCC18\v3_39\src\traditional\proc\p18F452.asm
                    INDF0   0x000fef       data     extern C:\MCC18\v3_39\src\traditional\proc\p18F452.asm
                    INDF1   0x000fe7       data     extern C:\MCC18\v3_39\src\traditional\proc\p18F452.asm
                    INDF2   0x000fdf       data     extern C:\MCC18\v3_39\src\traditional\proc\p18F452.asm
                   INTCON   0x000ff2       data     extern C:\MCC18\v3_39\src\traditional\proc\p18F452.asm
                  INTCON1   0x000ff2       data     extern C:\MCC18\v3_39\src\traditional\proc\p18F452.asm
              INTCON1bits   0x000ff2       data     extern C:\MCC18\v3_39\src\traditional\proc\p18F452.asm
                  INTCON2   0x000ff1       data     extern C:\MCC18\v3_39\src\traditional\proc\p18F452.asm
              INTCON2bits   0x000ff1       data     extern C:\MCC18\v3_39\src\traditional\proc\p18F452.asm
                  INTCON3   0x000ff0       data     extern C:\MCC18\v3_39\src\traditional\proc\p18F452.asm
              INTCON3bits   0x000ff0       data     extern C:\MCC18\v3_39\src\traditional\proc\p18F452.asm
               INTCONbits   0x000ff2       data     extern C:\MCC18\v3_39\src\traditional\proc\p18F452.asm
                     IPR1   0x000f9f       data     extern C:\MCC18\v3_39\src\traditional\proc\p18F452.asm
                 IPR1bits   0x000f9f       data     extern C:\MCC18\v3_39\src\traditional\proc\p18F452.asm
                     IPR2   0x000fa2       data     extern C:\MCC18\v3_39\src\traditional\proc\p18F452.asm
                 IPR2bits   0x000fa2       data     extern C:\MCC18\v3_39\src\traditional\proc\p18F452.asm
                     LATA   0x000f89       data     extern C:\MCC18\v3_39\src\traditional\proc\p18F452.asm
                 LATAbits   0x000f89       data     extern C:\MCC18\v3_39\src\traditional\proc\p18F452.asm
                     LATB   0x000f8a       data     extern C:\MCC18\v3_39\src\traditional\proc\p18F452.asm
                 LATBbits   0x000f8a       data     extern C:\MCC18\v3_39\src\traditional\proc\p18F452.asm
                     LATC   0x000f8b       data     extern C:\MCC18\v3_39\src\traditional\proc\p18F452.asm
                 LATCbits   0x000f8b       data     extern C:\MCC18\v3_39\src\traditional\proc\p18F452.asm
                     LATD   0x000f8c       data     extern C:\MCC18\v3_39\src\traditional\proc\p18F452.asm
                 LATDbits   0x000f8c       data     extern C:\MCC18\v3_39\src\traditional\proc\p18F452.asm
                     LATE   0x000f8d       data     extern C:\MCC18\v3_39\src\traditional\proc\p18F452.asm
                 LATEbits   0x000f8d       data     extern C:\MCC18\v3_39\src\traditional\proc\p18F452.asm
                   LVDCON   0x000fd2       data     extern C:\MCC18\v3_39\src\traditional\proc\p18F452.asm
               LVDCONbits   0x000fd2       data     extern C:\MCC18\v3_39\src\traditional\proc\p18F452.asm
                   OSCCON   0x000fd3       data     extern C:\MCC18\v3_39\src\traditional\proc\p18F452.asm
               OSCCONbits   0x000fd3       data     extern C:\MCC18\v3_39\src\traditional\proc\p18F452.asm
                       PC   0x000ff9       data     extern C:\MCC18\v3_39\src\traditional\proc\p18F452.asm
                      PCL   0x000ff9       data     extern C:\MCC18\v3_39\src\traditional\proc\p18F452.asm
                   PCLATH   0x000ffa       data     extern C:\MCC18\v3_39\src\traditional\proc\p18F452.asm
                   PCLATU   0x000ffb       data     extern C:\MCC18\v3_39\src\traditional\proc\p18F452.asm
                     PIE1   0x000f9d       data     extern C:\MCC18\v3_39\src\traditional\proc\p18F452.asm
                 PIE1bits   0x000f9d       data     extern C:\MCC18\v3_39\src\traditional\proc\p18F452.asm
                     PIE2   0x000fa0       data     extern C:\MCC18\v3_39\src\traditional\proc\p18F452.asm
                 PIE2bits   0x000fa0       data     extern C:\MCC18\v3_39\src\traditional\proc\p18F452.asm
                     PIR1   0x000f9e       data     extern C:\MCC18\v3_39\src\traditional\proc\p18F452.asm
                 PIR1bits   0x000f9e       data     extern C:\MCC18\v3_39\src\traditional\proc\p18F452.asm
                     PIR2   0x000fa1       data     extern C:\MCC18\v3_39\src\traditional\proc\p18F452.asm
                 PIR2bits   0x000fa1       data     extern C:\MCC18\v3_39\src\traditional\proc\p18F452.asm
                   PLUSW0   0x000feb       data     extern C:\MCC18\v3_39\src\traditional\proc\p18F452.asm
                   PLUSW1   0x000fe3       data     extern C:\MCC18\v3_39\src\traditional\proc\p18F452.asm
                   PLUSW2   0x000fdb       data     extern C:\MCC18\v3_39\src\traditional\proc\p18F452.asm
                    PORTA   0x000f80       data     extern C:\MCC18\v3_39\src\traditional\proc\p18F452.asm
                PORTAbits   0x000f80       data     extern C:\MCC18\v3_39\src\traditional\proc\p18F452.asm
                    PORTB   0x000f81       data     extern C:\MCC18\v3_39\src\traditional\proc\p18F452.asm
                PORTBbits   0x000f81       data     extern C:\MCC18\v3_39\src\traditional\proc\p18F452.asm
                    PORTC   0x000f82       data     extern C:\MCC18\v3_39\src\traditional\proc\p18F452.asm
                PORTCbits   0x000f82       data     extern C:\MCC18\v3_39\src\traditional\proc\p18F452.asm
                    PORTD   0x000f83       data     extern C:\MCC18\v3_39\src\traditional\proc\p18F452.asm
                PORTDbits   0x000f83       data     extern C:\MCC18\v3_39\src\traditional\proc\p18F452.asm
                    PORTE   0x000f84       data     extern C:\MCC18\v3_39\src\traditional\proc\p18F452.asm
                PORTEbits   0x000f84       data     extern C:\MCC18\v3_39\src\traditional\proc\p18F452.asm
                 POSTDEC0   0x000fed       data     extern C:\MCC18\v3_39\src\traditional\proc\p18F452.asm
                 POSTDEC1   0x000fe5       data     extern C:\MCC18\v3_39\src\traditional\proc\p18F452.asm
                 POSTDEC2   0x000fdd       data     extern C:\MCC18\v3_39\src\traditional\proc\p18F452.asm
                 POSTINC0   0x000fee       data     extern C:\MCC18\v3_39\src\traditional\proc\p18F452.asm
                 POSTINC1   0x000fe6       data     extern C:\MCC18\v3_39\src\traditional\proc\p18F452.asm
                 POSTINC2   0x000fde       data     extern C:\MCC18\v3_39\src\traditional\proc\p18F452.asm
                      PR2   0x000fcb       data     extern C:\MCC18\v3_39\src\traditional\proc\p18F452.asm
                  PREINC0   0x000fec       data     extern C:\MCC18\v3_39\src\traditional\proc\p18F452.asm
                  PREINC1   0x000fe4       data     extern C:\MCC18\v3_39\src\traditional\proc\p18F452.asm
                  PREINC2   0x000fdc       data     extern C:\MCC18\v3_39\src\traditional\proc\p18F452.asm
                     PROD   0x000ff3       data     extern C:\MCC18\v3_39\src\traditional\proc\p18F452.asm
                    PRODH   0x000ff4       data     extern C:\MCC18\v3_39\src\traditional\proc\p18F452.asm
                    PRODL   0x000ff3       data     extern C:\MCC18\v3_39\src\traditional\proc\p18F452.asm
                     RCON   0x000fd0       data     extern C:\MCC18\v3_39\src\traditional\proc\p18F452.asm
                 RCONbits   0x000fd0       data     extern C:\MCC18\v3_39\src\traditional\proc\p18F452.asm
                    RCREG   0x000fae       data     extern C:\MCC18\v3_39\src\traditional\proc\p18F452.asm
                    RCSTA   0x000fab       data     extern C:\MCC18\v3_39\src\traditional\proc\p18F452.asm
                RCSTAbits   0x000fab       data     extern C:\MCC18\v3_39\src\traditional\proc\p18F452.asm
                     SIGN   0x00000e       data     extern C:\MCC18\v3_39\src\traditional\math\cmath18.asm
                    SPBRG   0x000faf       data     extern C:\MCC18\v3_39\src\traditional\proc\p18F452.asm
                   SSPADD   0x000fc8       data     extern C:\MCC18\v3_39\src\traditional\proc\p18F452.asm
                   SSPBUF   0x000fc9       data     extern C:\MCC18\v3_39\src\traditional\proc\p18F452.asm
                  SSPCON1   0x000fc6       data     extern C:\MCC18\v3_39\src\traditional\proc\p18F452.asm
              SSPCON1bits   0x000fc6       data     extern C:\MCC18\v3_39\src\traditional\proc\p18F452.asm
                  SSPCON2   0x000fc5       data     extern C:\MCC18\v3_39\src\traditional\proc\p18F452.asm
              SSPCON2bits   0x000fc5       data     extern C:\MCC18\v3_39\src\traditional\proc\p18F452.asm
                  SSPSTAT   0x000fc7       data     extern C:\MCC18\v3_39\src\traditional\proc\p18F452.asm
              SSPSTATbits   0x000fc7       data     extern C:\MCC18\v3_39\src\traditional\proc\p18F452.asm
                   STATUS   0x000fd8       data     extern C:\MCC18\v3_39\src\traditional\proc\p18F452.asm
               STATUSbits   0x000fd8       data     extern C:\MCC18\v3_39\src\traditional\proc\p18F452.asm
                   STKPTR   0x000ffc       data     extern C:\MCC18\v3_39\src\traditional\proc\p18F452.asm
               STKPTRbits   0x000ffc       data     extern C:\MCC18\v3_39\src\traditional\proc\p18F452.asm
                    T0CON   0x000fd5       data     extern C:\MCC18\v3_39\src\traditional\proc\p18F452.asm
                T0CONbits   0x000fd5       data     extern C:\MCC18\v3_39\src\traditional\proc\p18F452.asm
                    T1CON   0x000fcd       data     extern C:\MCC18\v3_39\src\traditional\proc\p18F452.asm
                T1CONbits   0x000fcd       data     extern C:\MCC18\v3_39\src\traditional\proc\p18F452.asm
                    T2CON   0x000fca       data     extern C:\MCC18\v3_39\src\traditional\proc\p18F452.asm
                T2CONbits   0x000fca       data     extern C:\MCC18\v3_39\src\traditional\proc\p18F452.asm
                    T3CON   0x000fb1       data     extern C:\MCC18\v3_39\src\traditional\proc\p18F452.asm
                T3CONbits   0x000fb1       data     extern C:\MCC18\v3_39\src\traditional\proc\p18F452.asm
                   TABLAT   0x000ff5       data     extern C:\MCC18\v3_39\src\traditional\proc\p18F452.asm
                   TBLPTR   0x000ff6       data     extern C:\MCC18\v3_39\src\traditional\proc\p18F452.asm
                  TBLPTRH   0x000ff7       data     extern C:\MCC18\v3_39\src\traditional\proc\p18F452.asm
                  TBLPTRL   0x000ff6       data     extern C:\MCC18\v3_39\src\traditional\proc\p18F452.asm
                  TBLPTRU   0x000ff8       data     extern C:\MCC18\v3_39\src\traditional\proc\p18F452.asm
                    TMR0H   0x000fd7       data     extern C:\MCC18\v3_39\src\traditional\proc\p18F452.asm
                    TMR0L   0x000fd6       data     extern C:\MCC18\v3_39\src\traditional\proc\p18F452.asm
                    TMR1H   0x000fcf       data     extern C:\MCC18\v3_39\src\traditional\proc\p18F452.asm
                    TMR1L   0x000fce       data     extern C:\MCC18\v3_39\src\traditional\proc\p18F452.asm
                     TMR2   0x000fcc       data     extern C:\MCC18\v3_39\src\traditional\proc\p18F452.asm
                    TMR3H   0x000fb3       data     extern C:\MCC18\v3_39\src\traditional\proc\p18F452.asm
                    TMR3L   0x000fb2       data     extern C:\MCC18\v3_39\src\traditional\proc\p18F452.asm
                      TOS   0x000ffd       data     extern C:\MCC18\v3_39\src\traditional\proc\p18F452.asm
                     TOSH   0x000ffe       data     extern C:\MCC18\v3_39\src\traditional\proc\p18F452.asm
                     TOSL   0x000ffd       data     extern C:\MCC18\v3_39\src\traditional\proc\p18F452.asm
                     TOSU   0x000fff       data     extern C:\MCC18\v3_39\src\traditional\proc\p18F452.asm
                    TRISA   0x000f92       data     extern C:\MCC18\v3_39\src\traditional\proc\p18F452.asm
                TRISAbits   0x000f92       data     extern C:\MCC18\v3_39\src\traditional\proc\p18F452.asm
                    TRISB   0x000f93       data     extern C:\MCC18\v3_39\src\traditional\proc\p18F452.asm
                TRISBbits   0x000f93       data     extern C:\MCC18\v3_39\src\traditional\proc\p18F452.asm
                    TRISC   0x000f94       data     extern C:\MCC18\v3_39\src\traditional\proc\p18F452.asm
                TRISCbits   0x000f94       data     extern C:\MCC18\v3_39\src\traditional\proc\p18F452.asm
                    TRISD   0x000f95       data     extern C:\MCC18\v3_39\src\traditional\proc\p18F452.asm
                TRISDbits   0x000f95       data     extern C:\MCC18\v3_39\src\traditional\proc\p18F452.asm
                    TRISE   0x000f96       data     extern C:\MCC18\v3_39\src\traditional\proc\p18F452.asm
                TRISEbits   0x000f96       data     extern C:\MCC18\v3_39\src\traditional\proc\p18F452.asm
                    TXREG   0x000fad       data     extern C:\MCC18\v3_39\src\traditional\proc\p18F452.asm
                    TXSTA   0x000fac       data     extern C:\MCC18\v3_39\src\traditional\proc\p18F452.asm
                TXSTAbits   0x000fac       data     extern C:\MCC18\v3_39\src\traditional\proc\p18F452.asm
                        W   0x000fe8       data     extern C:\MCC18\v3_39\src\traditional\proc\p18F452.asm
                   WDTCON   0x000fd1       data     extern C:\MCC18\v3_39\src\traditional\proc\p18F452.asm
               WDTCONbits   0x000fd1       data     extern C:\MCC18\v3_39\src\traditional\proc\p18F452.asm
                     WREG   0x000fe8       data     extern C:\MCC18\v3_39\src\traditional\proc\p18F452.asm
                 __AARGB0   0x000007       data     extern C:\MCC18\v3_39\src\traditional\math\aarg.asm
                 __AARGB1   0x000006       data     extern C:\MCC18\v3_39\src\traditional\math\aarg.asm
                 __AARGB2   0x000005       data     extern C:\MCC18\v3_39\src\traditional\math\aarg.asm
                 __AARGB3   0x000004       data     extern C:\MCC18\v3_39\src\traditional\math\aarg.asm
                 __AARGB4   0x000003       data     extern C:\MCC18\v3_39\src\traditional\math\aarg.asm
                 __AARGB5   0x000002       data     extern C:\MCC18\v3_39\src\traditional\math\aarg.asm
                 __AARGB6   0x000001       data     extern C:\MCC18\v3_39\src\traditional\math\aarg.asm
                 __AARGB7   0x000000       data     extern C:\MCC18\v3_39\src\traditional\math\aarg.asm
                   __AEXP   0x000008       data     extern C:\MCC18\v3_39\src\traditional\math\aarg.asm
                 __BARGB0   0x00000c       data     extern C:\MCC18\v3_39\src\traditional\math\barg.asm
                 __BARGB1   0x00000b       data     extern C:\MCC18\v3_39\src\traditional\math\barg.asm
                 __BARGB2   0x00000a       data     extern C:\MCC18\v3_39\src\traditional\math\barg.asm
                 __BARGB3   0x000009       data     extern C:\MCC18\v3_39\src\traditional\math\barg.asm
                   __BEXP   0x00000d       data     extern C:\MCC18\v3_39\src\traditional\math\barg.asm
                __FPFLAGS   0x00000f       data     extern C:\MCC18\v3_39\src\traditional\math\cmath18.asm
            __FPFLAGSbits   0x00000f       data     extern C:\MCC18\v3_39\src\traditional\math\cmath18.asm
                  __REMB0   0x000003       data     extern C:\MCC18\v3_39\src\traditional\math\aarg.asm
                  __REMB1   0x000002       data     extern C:\MCC18\v3_39\src\traditional\math\aarg.asm
                  __REMB2   0x000001       data     extern C:\MCC18\v3_39\src\traditional\math\aarg.asm
                  __REMB3   0x000000       data     extern C:\MCC18\v3_39\src\traditional\math\aarg.asm
                   __TEMP   0x000013       data     extern C:\MCC18\v3_39\src\traditional\math\temparg.asm
                 __TEMPB0   0x000013       data     extern C:\MCC18\v3_39\src\traditional\math\temparg.asm
                 __TEMPB1   0x000012       data     extern C:\MCC18\v3_39\src\traditional\math\temparg.asm
                 __TEMPB2   0x000011       data     extern C:\MCC18\v3_39\src\traditional\math\temparg.asm
                 __TEMPB3   0x000010       data     extern C:\MCC18\v3_39\src\traditional\math\temparg.asm
                  __tmp_0   0x000014       data     static D:\Confidential - DON'T OPEN\Confidential\PROJECTS\PIC18 ADC\Using all ADC Channels\Code.c
                        a   0x000089       data     extern D:\Confidential - DON'T OPEN\Confidential\PROJECTS\PIC18 ADC\Using all ADC Channels\Code.c
                curr_byte   0x000090       data     static C:\MCC18\v3_39\src\traditional\startup\c018i.c
               curr_entry   0x000092       data     static C:\MCC18\v3_39\src\traditional\startup\c018i.c
                       d1   0x000081       data     extern D:\Confidential - DON'T OPEN\Confidential\PROJECTS\PIC18 ADC\Using all ADC Channels\Code.c
                       d2   0x000082       data     extern D:\Confidential - DON'T OPEN\Confidential\PROJECTS\PIC18 ADC\Using all ADC Channels\Code.c
                       d3   0x000083       data     extern D:\Confidential - DON'T OPEN\Confidential\PROJECTS\PIC18 ADC\Using all ADC Channels\Code.c
                 data_ptr   0x000094       data     static C:\MCC18\v3_39\src\traditional\startup\c018i.c
                      dec   0x000080       data     extern D:\Confidential - DON'T OPEN\Confidential\PROJECTS\PIC18 ADC\Using all ADC Channels\Code.c
                        j   0x000085       data     extern D:\Confidential - DON'T OPEN\Confidential\PROJECTS\PIC18 ADC\Using all ADC Channels\Code.c
                        l   0x000084       data     extern D:\Confidential - DON'T OPEN\Confidential\PROJECTS\PIC18 ADC\Using all ADC Channels\Code.c
                     prom   0x00008d       data     static C:\MCC18\v3_39\src\traditional\startup\c018i.c



                              Symbols - Sorted by Address
                     Name    Address   Location    Storage File                     
                ---------  ---------  ---------  --------- ---------                
                   _entry   0x000000    program     extern C:\MCC18\v3_39\src\traditional\startup\c018i.c
       ___return_lbl00000   0x000004    program     static                          
                     main   0x000008    program     extern D:\Confidential - DON'T OPEN\Confidential\PROJECTS\PIC18 ADC\Using all ADC Channels\Code.c
                  welcome   0x000102    program     extern D:\Confidential - DON'T OPEN\Confidential\PROJECTS\PIC18 ADC\Using all ADC Channels\Code.c
                    start   0x000216    program     extern D:\Confidential - DON'T OPEN\Confidential\PROJECTS\PIC18 ADC\Using all ADC Channels\Code.c
        start_bin_2_ascii   0x0004ea    program     extern D:\Confidential - DON'T OPEN\Confidential\PROJECTS\PIC18 ADC\Using all ADC Channels\Code.c
                  lcddata   0x000638    program     extern D:\Confidential - DON'T OPEN\Confidential\PROJECTS\PIC18 ADC\Using all ADC Channels\Code.c
                   lcdcmd   0x000670    program     extern D:\Confidential - DON'T OPEN\Confidential\PROJECTS\PIC18 ADC\Using all ADC Channels\Code.c
                 lcdready   0x0006a8    program     extern D:\Confidential - DON'T OPEN\Confidential\PROJECTS\PIC18 ADC\Using all ADC Channels\Code.c
                    delay   0x0006d2    program     extern D:\Confidential - DON'T OPEN\Confidential\PROJECTS\PIC18 ADC\Using all ADC Channels\Code.c
                    FPS32   0x00077a    program     extern C:\MCC18\v3_39\src\traditional\math\addFP.asm
                    FPA32   0x00077c    program     extern C:\MCC18\v3_39\src\traditional\math\addFP.asm
                jBANotInf   0x00079a    program     static C:\MCC18\v3_39\src\traditional\math\addFP.asm
                 jANotInf   0x0007a4    program     static C:\MCC18\v3_39\src\traditional\math\addFP.asm
                 jBNotInf   0x0007b2    program     static C:\MCC18\v3_39\src\traditional\math\addFP.asm
            jDifOrPosSign   0x0007c6    program     static C:\MCC18\v3_39\src\traditional\math\addFP.asm
             jNotBothZero   0x0007ca    program     static C:\MCC18\v3_39\src\traditional\math\addFP.asm
                 jAltBexp   0x0007f6    program     static C:\MCC18\v3_39\src\traditional\math\addFP.asm
              jAandWsetup   0x000808    program     static C:\MCC18\v3_39\src\traditional\math\addFP.asm
                 jANotNeg   0x000838    program     static C:\MCC18\v3_39\src\traditional\math\addFP.asm
                 jWNotNeg   0x00084c    program     static C:\MCC18\v3_39\src\traditional\math\addFP.asm
               jShiftLoop   0x000852    program     static C:\MCC18\v3_39\src\traditional\math\addFP.asm
               jShiftDone   0x000860    program     static C:\MCC18\v3_39\src\traditional\math\addFP.asm
                jSignDone   0x000890    program     static C:\MCC18\v3_39\src\traditional\math\addFP.asm
               jFinalSign   0x0008a0    program     static C:\MCC18\v3_39\src\traditional\math\addFP.asm
                  TAGTB32   0x0008a8    program     extern C:\MCC18\v3_39\src\traditional\math\gtFP.asm
              __FpCompare   0x0008ba    program     extern C:\MCC18\v3_39\src\traditional\math\compFP.asm
             jBothNotZero   0x0008d8    program     static C:\MCC18\v3_39\src\traditional\math\compFP.asm
                 jSignsEQ   0x0008dc    program     static C:\MCC18\v3_39\src\traditional\math\compFP.asm
                      jEQ   0x0008f4    program     static C:\MCC18\v3_39\src\traditional\math\compFP.asm
                      jNE   0x0008f8    program     static C:\MCC18\v3_39\src\traditional\math\compFP.asm
                    jExch   0x000900    program     static C:\MCC18\v3_39\src\traditional\math\compFP.asm
                  jNoExch   0x000920    program     static C:\MCC18\v3_39\src\traditional\math\compFP.asm
                   jFinal   0x00092a    program     static C:\MCC18\v3_39\src\traditional\math\compFP.asm
                  jAisNeg   0x000936    program     static C:\MCC18\v3_39\src\traditional\math\compFP.asm
                   jShift   0x00093c    program     static C:\MCC18\v3_39\src\traditional\math\compFP.asm
                   jExpEQ   0x000946    program     static C:\MCC18\v3_39\src\traditional\math\compFP.asm
                  jRotate   0x000952    program     static C:\MCC18\v3_39\src\traditional\math\compFP.asm
            __FpReturnNaN   0x000964    program     extern C:\MCC18\v3_39\src\traditional\math\packFP.asm
                 __FpExit   0x000970    program     extern C:\MCC18\v3_39\src\traditional\math\packFP.asm
        __FpReturnSignInf   0x000972    program     extern C:\MCC18\v3_39\src\traditional\math\packFP.asm
         __FpReturnNegInf   0x000976    program     extern C:\MCC18\v3_39\src\traditional\math\packFP.asm
         __FpReturnPosInf   0x00097c    program     extern C:\MCC18\v3_39\src\traditional\math\packFP.asm
           jReturnPosInf0   0x000980    program     static C:\MCC18\v3_39\src\traditional\math\packFP.asm
               jZero1and2   0x000984    program     static C:\MCC18\v3_39\src\traditional\math\packFP.asm
       __FpReturnSignZero   0x00098a    program     extern C:\MCC18\v3_39\src\traditional\math\packFP.asm
        __FpReturnNegZero   0x00098e    program     extern C:\MCC18\v3_39\src\traditional\math\packFP.asm
        __FpReturnPosZero   0x000996    program     extern C:\MCC18\v3_39\src\traditional\math\packFP.asm
                 __FpPack   0x00099c    program     extern C:\MCC18\v3_39\src\traditional\math\packFP.asm
                  jPkLoop   0x0009aa    program     static C:\MCC18\v3_39\src\traditional\math\packFP.asm
             jPkShiftDone   0x0009c6    program     static C:\MCC18\v3_39\src\traditional\math\packFP.asm
               jPkRoundIt   0x0009dc    program     static C:\MCC18\v3_39\src\traditional\math\packFP.asm
              __FpReturnW   0x0009f4    program     extern C:\MCC18\v3_39\src\traditional\math\packFP.asm
             jPkRoundDone   0x0009f4    program     static C:\MCC18\v3_39\src\traditional\math\packFP.asm
              __FpUnPackA   0x000a14    program     extern C:\MCC18\v3_39\src\traditional\math\UnpackFP.asm
                  jUnpkA1   0x000a1e    program     static C:\MCC18\v3_39\src\traditional\math\UnpackFP.asm
                 jUnpkANZ   0x000a2c    program     static C:\MCC18\v3_39\src\traditional\math\UnpackFP.asm
                  jUnpkA2   0x000a36    program     static C:\MCC18\v3_39\src\traditional\math\UnpackFP.asm
                 jUnpkNaN   0x000a40    program     static C:\MCC18\v3_39\src\traditional\math\UnpackFP.asm
              __FpUnPackB   0x000a44    program     extern C:\MCC18\v3_39\src\traditional\math\UnpackFP.asm
                  jUnpkB1   0x000a4e    program     static C:\MCC18\v3_39\src\traditional\math\UnpackFP.asm
                 jUnpkBNZ   0x000a5c    program     static C:\MCC18\v3_39\src\traditional\math\UnpackFP.asm
                  jUnpkB2   0x000a66    program     static C:\MCC18\v3_39\src\traditional\math\UnpackFP.asm
                _do_cinit   0x000a70    program     extern C:\MCC18\v3_39\src\traditional\startup\c018i.c
                     test   0x000a8a    program     static                          
                copy_loop   0x000ae2    program     static                          
            copy_one_byte   0x000ae8    program     static                          
             done_copying   0x000af6    program     static                          
       ___return_lbl00002   0x000b0c    program     static                          
                     done   0x000b0c    program     static                          
                      an0   0x000b0e    program     extern D:\Confidential - DON'T OPEN\Confidential\PROJECTS\PIC18 ADC\Using all ADC Channels\Code.c
                      an1   0x000b12    program     extern D:\Confidential - DON'T OPEN\Confidential\PROJECTS\PIC18 ADC\Using all ADC Channels\Code.c
                      an2   0x000b16    program     extern D:\Confidential - DON'T OPEN\Confidential\PROJECTS\PIC18 ADC\Using all ADC Channels\Code.c
                      an3   0x000b1a    program     extern D:\Confidential - DON'T OPEN\Confidential\PROJECTS\PIC18 ADC\Using all ADC Channels\Code.c
                      an4   0x000b1e    program     extern D:\Confidential - DON'T OPEN\Confidential\PROJECTS\PIC18 ADC\Using all ADC Channels\Code.c
                      an5   0x000b22    program     extern D:\Confidential - DON'T OPEN\Confidential\PROJECTS\PIC18 ADC\Using all ADC Channels\Code.c
                      an6   0x000b26    program     extern D:\Confidential - DON'T OPEN\Confidential\PROJECTS\PIC18 ADC\Using all ADC Channels\Code.c
                      an7   0x000b2a    program     extern D:\Confidential - DON'T OPEN\Confidential\PROJECTS\PIC18 ADC\Using all ADC Channels\Code.c
                       st   0x000b2e    program     extern D:\Confidential - DON'T OPEN\Confidential\PROJECTS\PIC18 ADC\Using all ADC Channels\Code.c
                       nd   0x000b36    program     extern D:\Confidential - DON'T OPEN\Confidential\PROJECTS\PIC18 ADC\Using all ADC Channels\Code.c
                       rd   0x000b49    program     extern D:\Confidential - DON'T OPEN\Confidential\PROJECTS\PIC18 ADC\Using all ADC Channels\Code.c
                       na   0x000b5a    program     extern D:\Confidential - DON'T OPEN\Confidential\PROJECTS\PIC18 ADC\Using all ADC Channels\Code.c
            __zero_memory   0x000b70    program     extern C:\MCC18\v3_39\src\traditional\proc\p18F452.asm
                   loop_h   0x000b7e    program     static C:\MCC18\v3_39\src\traditional\proc\p18F452.asm
               zero_block   0x000b7e    program     static C:\MCC18\v3_39\src\traditional\proc\p18F452.asm
                compare_l   0x000b86    program     static C:\MCC18\v3_39\src\traditional\proc\p18F452.asm
                   loop_l   0x000b88    program     static C:\MCC18\v3_39\src\traditional\proc\p18F452.asm
                 _startup   0x000b90    program     extern C:\MCC18\v3_39\src\traditional\startup\c018i.c
                     loop   0x000ba0    program     static                          
       ___return_lbl00001   0x000baa    program     static                          
                 FXD0808U   0x000bac    program     extern C:\MCC18\v3_39\src\traditional\math\fxd0808u.c
                     loop   0x000bb4    program     static                          
                  endloop   0x000bc2    program     static                          
       ___return_lbl00000   0x000bc6    program     static                          
                   __init   0x000bc8    program     extern C:\MCC18\v3_39\src\traditional\stdclib\__init.c
               __config_0   0x300001    program     static D:\Confidential - DON'T OPEN\Confidential\PROJECTS\PIC18 ADC\Using all ADC Channels\Code.c
               __config_1   0x300002    program     static D:\Confidential - DON'T OPEN\Confidential\PROJECTS\PIC18 ADC\Using all ADC Channels\Code.c
               __config_2   0x300003    program     static D:\Confidential - DON'T OPEN\Confidential\PROJECTS\PIC18 ADC\Using all ADC Channels\Code.c
               __config_3   0x300006    program     static D:\Confidential - DON'T OPEN\Confidential\PROJECTS\PIC18 ADC\Using all ADC Channels\Code.c
                  __REMB3   0x000000       data     extern C:\MCC18\v3_39\src\traditional\math\aarg.asm
                 __AARGB7   0x000000       data     extern C:\MCC18\v3_39\src\traditional\math\aarg.asm
                  __REMB2   0x000001       data     extern C:\MCC18\v3_39\src\traditional\math\aarg.asm
                 __AARGB6   0x000001       data     extern C:\MCC18\v3_39\src\traditional\math\aarg.asm
                  __REMB1   0x000002       data     extern C:\MCC18\v3_39\src\traditional\math\aarg.asm
                 __AARGB5   0x000002       data     extern C:\MCC18\v3_39\src\traditional\math\aarg.asm
                  __REMB0   0x000003       data     extern C:\MCC18\v3_39\src\traditional\math\aarg.asm
                 __AARGB4   0x000003       data     extern C:\MCC18\v3_39\src\traditional\math\aarg.asm
                 __AARGB3   0x000004       data     extern C:\MCC18\v3_39\src\traditional\math\aarg.asm
                 __AARGB2   0x000005       data     extern C:\MCC18\v3_39\src\traditional\math\aarg.asm
                 __AARGB1   0x000006       data     extern C:\MCC18\v3_39\src\traditional\math\aarg.asm
                 __AARGB0   0x000007       data     extern C:\MCC18\v3_39\src\traditional\math\aarg.asm
                   __AEXP   0x000008       data     extern C:\MCC18\v3_39\src\traditional\math\aarg.asm
                 __BARGB3   0x000009       data     extern C:\MCC18\v3_39\src\traditional\math\barg.asm
                 __BARGB2   0x00000a       data     extern C:\MCC18\v3_39\src\traditional\math\barg.asm
                 __BARGB1   0x00000b       data     extern C:\MCC18\v3_39\src\traditional\math\barg.asm
                 __BARGB0   0x00000c       data     extern C:\MCC18\v3_39\src\traditional\math\barg.asm
                   __BEXP   0x00000d       data     extern C:\MCC18\v3_39\src\traditional\math\barg.asm
                     SIGN   0x00000e       data     extern C:\MCC18\v3_39\src\traditional\math\cmath18.asm
                __FPFLAGS   0x00000f       data     extern C:\MCC18\v3_39\src\traditional\math\cmath18.asm
            __FPFLAGSbits   0x00000f       data     extern C:\MCC18\v3_39\src\traditional\math\cmath18.asm
                 __TEMPB3   0x000010       data     extern C:\MCC18\v3_39\src\traditional\math\temparg.asm
                 __TEMPB2   0x000011       data     extern C:\MCC18\v3_39\src\traditional\math\temparg.asm
                 __TEMPB1   0x000012       data     extern C:\MCC18\v3_39\src\traditional\math\temparg.asm
                   __TEMP   0x000013       data     extern C:\MCC18\v3_39\src\traditional\math\temparg.asm
                 __TEMPB0   0x000013       data     extern C:\MCC18\v3_39\src\traditional\math\temparg.asm
                  __tmp_0   0x000014       data     static D:\Confidential - DON'T OPEN\Confidential\PROJECTS\PIC18 ADC\Using all ADC Channels\Code.c
                      dec   0x000080       data     extern D:\Confidential - DON'T OPEN\Confidential\PROJECTS\PIC18 ADC\Using all ADC Channels\Code.c
                       d1   0x000081       data     extern D:\Confidential - DON'T OPEN\Confidential\PROJECTS\PIC18 ADC\Using all ADC Channels\Code.c
                       d2   0x000082       data     extern D:\Confidential - DON'T OPEN\Confidential\PROJECTS\PIC18 ADC\Using all ADC Channels\Code.c
                       d3   0x000083       data     extern D:\Confidential - DON'T OPEN\Confidential\PROJECTS\PIC18 ADC\Using all ADC Channels\Code.c
                        l   0x000084       data     extern D:\Confidential - DON'T OPEN\Confidential\PROJECTS\PIC18 ADC\Using all ADC Channels\Code.c
                        j   0x000085       data     extern D:\Confidential - DON'T OPEN\Confidential\PROJECTS\PIC18 ADC\Using all ADC Channels\Code.c
                        a   0x000089       data     extern D:\Confidential - DON'T OPEN\Confidential\PROJECTS\PIC18 ADC\Using all ADC Channels\Code.c
                     prom   0x00008d       data     static C:\MCC18\v3_39\src\traditional\startup\c018i.c
                curr_byte   0x000090       data     static C:\MCC18\v3_39\src\traditional\startup\c018i.c
               curr_entry   0x000092       data     static C:\MCC18\v3_39\src\traditional\startup\c018i.c
                 data_ptr   0x000094       data     static C:\MCC18\v3_39\src\traditional\startup\c018i.c
                    PORTA   0x000f80       data     extern C:\MCC18\v3_39\src\traditional\proc\p18F452.asm
                PORTAbits   0x000f80       data     extern C:\MCC18\v3_39\src\traditional\proc\p18F452.asm
                PORTBbits   0x000f81       data     extern C:\MCC18\v3_39\src\traditional\proc\p18F452.asm
                    PORTB   0x000f81       data     extern C:\MCC18\v3_39\src\traditional\proc\p18F452.asm
                PORTCbits   0x000f82       data     extern C:\MCC18\v3_39\src\traditional\proc\p18F452.asm
                    PORTC   0x000f82       data     extern C:\MCC18\v3_39\src\traditional\proc\p18F452.asm
                PORTDbits   0x000f83       data     extern C:\MCC18\v3_39\src\traditional\proc\p18F452.asm
                    PORTD   0x000f83       data     extern C:\MCC18\v3_39\src\traditional\proc\p18F452.asm
                    PORTE   0x000f84       data     extern C:\MCC18\v3_39\src\traditional\proc\p18F452.asm
                PORTEbits   0x000f84       data     extern C:\MCC18\v3_39\src\traditional\proc\p18F452.asm
                 LATAbits   0x000f89       data     extern C:\MCC18\v3_39\src\traditional\proc\p18F452.asm
                     LATA   0x000f89       data     extern C:\MCC18\v3_39\src\traditional\proc\p18F452.asm
                 LATBbits   0x000f8a       data     extern C:\MCC18\v3_39\src\traditional\proc\p18F452.asm
                     LATB   0x000f8a       data     extern C:\MCC18\v3_39\src\traditional\proc\p18F452.asm
                     LATC   0x000f8b       data     extern C:\MCC18\v3_39\src\traditional\proc\p18F452.asm
                 LATCbits   0x000f8b       data     extern C:\MCC18\v3_39\src\traditional\proc\p18F452.asm
                     LATD   0x000f8c       data     extern C:\MCC18\v3_39\src\traditional\proc\p18F452.asm
                 LATDbits   0x000f8c       data     extern C:\MCC18\v3_39\src\traditional\proc\p18F452.asm
                     LATE   0x000f8d       data     extern C:\MCC18\v3_39\src\traditional\proc\p18F452.asm
                 LATEbits   0x000f8d       data     extern C:\MCC18\v3_39\src\traditional\proc\p18F452.asm
                 DDRAbits   0x000f92       data     extern C:\MCC18\v3_39\src\traditional\proc\p18F452.asm
                     DDRA   0x000f92       data     extern C:\MCC18\v3_39\src\traditional\proc\p18F452.asm
                    TRISA   0x000f92       data     extern C:\MCC18\v3_39\src\traditional\proc\p18F452.asm
                TRISAbits   0x000f92       data     extern C:\MCC18\v3_39\src\traditional\proc\p18F452.asm
                    TRISB   0x000f93       data     extern C:\MCC18\v3_39\src\traditional\proc\p18F452.asm
                     DDRB   0x000f93       data     extern C:\MCC18\v3_39\src\traditional\proc\p18F452.asm
                 DDRBbits   0x000f93       data     extern C:\MCC18\v3_39\src\traditional\proc\p18F452.asm
                TRISBbits   0x000f93       data     extern C:\MCC18\v3_39\src\traditional\proc\p18F452.asm
                     DDRC   0x000f94       data     extern C:\MCC18\v3_39\src\traditional\proc\p18F452.asm
                 DDRCbits   0x000f94       data     extern C:\MCC18\v3_39\src\traditional\proc\p18F452.asm
                    TRISC   0x000f94       data     extern C:\MCC18\v3_39\src\traditional\proc\p18F452.asm
                TRISCbits   0x000f94       data     extern C:\MCC18\v3_39\src\traditional\proc\p18F452.asm
                 DDRDbits   0x000f95       data     extern C:\MCC18\v3_39\src\traditional\proc\p18F452.asm
                     DDRD   0x000f95       data     extern C:\MCC18\v3_39\src\traditional\proc\p18F452.asm
                TRISDbits   0x000f95       data     extern C:\MCC18\v3_39\src\traditional\proc\p18F452.asm
                    TRISD   0x000f95       data     extern C:\MCC18\v3_39\src\traditional\proc\p18F452.asm
                     DDRE   0x000f96       data     extern C:\MCC18\v3_39\src\traditional\proc\p18F452.asm
                 DDREbits   0x000f96       data     extern C:\MCC18\v3_39\src\traditional\proc\p18F452.asm
                TRISEbits   0x000f96       data     extern C:\MCC18\v3_39\src\traditional\proc\p18F452.asm
                    TRISE   0x000f96       data     extern C:\MCC18\v3_39\src\traditional\proc\p18F452.asm
                     PIE1   0x000f9d       data     extern C:\MCC18\v3_39\src\traditional\proc\p18F452.asm
                 PIE1bits   0x000f9d       data     extern C:\MCC18\v3_39\src\traditional\proc\p18F452.asm
                     PIR1   0x000f9e       data     extern C:\MCC18\v3_39\src\traditional\proc\p18F452.asm
                 PIR1bits   0x000f9e       data     extern C:\MCC18\v3_39\src\traditional\proc\p18F452.asm
                 IPR1bits   0x000f9f       data     extern C:\MCC18\v3_39\src\traditional\proc\p18F452.asm
                     IPR1   0x000f9f       data     extern C:\MCC18\v3_39\src\traditional\proc\p18F452.asm
                 PIE2bits   0x000fa0       data     extern C:\MCC18\v3_39\src\traditional\proc\p18F452.asm
                     PIE2   0x000fa0       data     extern C:\MCC18\v3_39\src\traditional\proc\p18F452.asm
                 PIR2bits   0x000fa1       data     extern C:\MCC18\v3_39\src\traditional\proc\p18F452.asm
                     PIR2   0x000fa1       data     extern C:\MCC18\v3_39\src\traditional\proc\p18F452.asm
                     IPR2   0x000fa2       data     extern C:\MCC18\v3_39\src\traditional\proc\p18F452.asm
                 IPR2bits   0x000fa2       data     extern C:\MCC18\v3_39\src\traditional\proc\p18F452.asm
               EECON1bits   0x000fa6       data     extern C:\MCC18\v3_39\src\traditional\proc\p18F452.asm
                   EECON1   0x000fa6       data     extern C:\MCC18\v3_39\src\traditional\proc\p18F452.asm
                   EECON2   0x000fa7       data     extern C:\MCC18\v3_39\src\traditional\proc\p18F452.asm
                   EEDATA   0x000fa8       data     extern C:\MCC18\v3_39\src\traditional\proc\p18F452.asm
                    EEADR   0x000fa9       data     extern C:\MCC18\v3_39\src\traditional\proc\p18F452.asm
                    RCSTA   0x000fab       data     extern C:\MCC18\v3_39\src\traditional\proc\p18F452.asm
                RCSTAbits   0x000fab       data     extern C:\MCC18\v3_39\src\traditional\proc\p18F452.asm
                TXSTAbits   0x000fac       data     extern C:\MCC18\v3_39\src\traditional\proc\p18F452.asm
                    TXSTA   0x000fac       data     extern C:\MCC18\v3_39\src\traditional\proc\p18F452.asm
                    TXREG   0x000fad       data     extern C:\MCC18\v3_39\src\traditional\proc\p18F452.asm
                    RCREG   0x000fae       data     extern C:\MCC18\v3_39\src\traditional\proc\p18F452.asm
                    SPBRG   0x000faf       data     extern C:\MCC18\v3_39\src\traditional\proc\p18F452.asm
                T3CONbits   0x000fb1       data     extern C:\MCC18\v3_39\src\traditional\proc\p18F452.asm
                    T3CON   0x000fb1       data     extern C:\MCC18\v3_39\src\traditional\proc\p18F452.asm
                    TMR3L   0x000fb2       data     extern C:\MCC18\v3_39\src\traditional\proc\p18F452.asm
                    TMR3H   0x000fb3       data     extern C:\MCC18\v3_39\src\traditional\proc\p18F452.asm
                  CCP2CON   0x000fba       data     extern C:\MCC18\v3_39\src\traditional\proc\p18F452.asm
              CCP2CONbits   0x000fba       data     extern C:\MCC18\v3_39\src\traditional\proc\p18F452.asm
                    CCPR2   0x000fbb       data     extern C:\MCC18\v3_39\src\traditional\proc\p18F452.asm
                   CCPR2L   0x000fbb       data     extern C:\MCC18\v3_39\src\traditional\proc\p18F452.asm
                   CCPR2H   0x000fbc       data     extern C:\MCC18\v3_39\src\traditional\proc\p18F452.asm
                  CCP1CON   0x000fbd       data     extern C:\MCC18\v3_39\src\traditional\proc\p18F452.asm
              CCP1CONbits   0x000fbd       data     extern C:\MCC18\v3_39\src\traditional\proc\p18F452.asm
                    CCPR1   0x000fbe       data     extern C:\MCC18\v3_39\src\traditional\proc\p18F452.asm
                   CCPR1L   0x000fbe       data     extern C:\MCC18\v3_39\src\traditional\proc\p18F452.asm
                   CCPR1H   0x000fbf       data     extern C:\MCC18\v3_39\src\traditional\proc\p18F452.asm
               ADCON1bits   0x000fc1       data     extern C:\MCC18\v3_39\src\traditional\proc\p18F452.asm
                   ADCON1   0x000fc1       data     extern C:\MCC18\v3_39\src\traditional\proc\p18F452.asm
                   ADCON0   0x000fc2       data     extern C:\MCC18\v3_39\src\traditional\proc\p18F452.asm
               ADCON0bits   0x000fc2       data     extern C:\MCC18\v3_39\src\traditional\proc\p18F452.asm
                    ADRES   0x000fc3       data     extern C:\MCC18\v3_39\src\traditional\proc\p18F452.asm
                   ADRESL   0x000fc3       data     extern C:\MCC18\v3_39\src\traditional\proc\p18F452.asm
                   ADRESH   0x000fc4       data     extern C:\MCC18\v3_39\src\traditional\proc\p18F452.asm
                  SSPCON2   0x000fc5       data     extern C:\MCC18\v3_39\src\traditional\proc\p18F452.asm
              SSPCON2bits   0x000fc5       data     extern C:\MCC18\v3_39\src\traditional\proc\p18F452.asm
                  SSPCON1   0x000fc6       data     extern C:\MCC18\v3_39\src\traditional\proc\p18F452.asm
              SSPCON1bits   0x000fc6       data     extern C:\MCC18\v3_39\src\traditional\proc\p18F452.asm
                  SSPSTAT   0x000fc7       data     extern C:\MCC18\v3_39\src\traditional\proc\p18F452.asm
              SSPSTATbits   0x000fc7       data     extern C:\MCC18\v3_39\src\traditional\proc\p18F452.asm
                   SSPADD   0x000fc8       data     extern C:\MCC18\v3_39\src\traditional\proc\p18F452.asm
                   SSPBUF   0x000fc9       data     extern C:\MCC18\v3_39\src\traditional\proc\p18F452.asm
                    T2CON   0x000fca       data     extern C:\MCC18\v3_39\src\traditional\proc\p18F452.asm
                T2CONbits   0x000fca       data     extern C:\MCC18\v3_39\src\traditional\proc\p18F452.asm
                      PR2   0x000fcb       data     extern C:\MCC18\v3_39\src\traditional\proc\p18F452.asm
                     TMR2   0x000fcc       data     extern C:\MCC18\v3_39\src\traditional\proc\p18F452.asm
                T1CONbits   0x000fcd       data     extern C:\MCC18\v3_39\src\traditional\proc\p18F452.asm
                    T1CON   0x000fcd       data     extern C:\MCC18\v3_39\src\traditional\proc\p18F452.asm
                    TMR1L   0x000fce       data     extern C:\MCC18\v3_39\src\traditional\proc\p18F452.asm
                    TMR1H   0x000fcf       data     extern C:\MCC18\v3_39\src\traditional\proc\p18F452.asm
                 RCONbits   0x000fd0       data     extern C:\MCC18\v3_39\src\traditional\proc\p18F452.asm
                     RCON   0x000fd0       data     extern C:\MCC18\v3_39\src\traditional\proc\p18F452.asm
               WDTCONbits   0x000fd1       data     extern C:\MCC18\v3_39\src\traditional\proc\p18F452.asm
                   WDTCON   0x000fd1       data     extern C:\MCC18\v3_39\src\traditional\proc\p18F452.asm
               LVDCONbits   0x000fd2       data     extern C:\MCC18\v3_39\src\traditional\proc\p18F452.asm
                   LVDCON   0x000fd2       data     extern C:\MCC18\v3_39\src\traditional\proc\p18F452.asm
                   OSCCON   0x000fd3       data     extern C:\MCC18\v3_39\src\traditional\proc\p18F452.asm
               OSCCONbits   0x000fd3       data     extern C:\MCC18\v3_39\src\traditional\proc\p18F452.asm
                T0CONbits   0x000fd5       data     extern C:\MCC18\v3_39\src\traditional\proc\p18F452.asm
                    T0CON   0x000fd5       data     extern C:\MCC18\v3_39\src\traditional\proc\p18F452.asm
                    TMR0L   0x000fd6       data     extern C:\MCC18\v3_39\src\traditional\proc\p18F452.asm
                    TMR0H   0x000fd7       data     extern C:\MCC18\v3_39\src\traditional\proc\p18F452.asm
                   STATUS   0x000fd8       data     extern C:\MCC18\v3_39\src\traditional\proc\p18F452.asm
               STATUSbits   0x000fd8       data     extern C:\MCC18\v3_39\src\traditional\proc\p18F452.asm
                    FSR2L   0x000fd9       data     extern C:\MCC18\v3_39\src\traditional\proc\p18F452.asm
                     FSR2   0x000fd9       data     extern C:\MCC18\v3_39\src\traditional\proc\p18F452.asm
                    FSR2H   0x000fda       data     extern C:\MCC18\v3_39\src\traditional\proc\p18F452.asm
                   PLUSW2   0x000fdb       data     extern C:\MCC18\v3_39\src\traditional\proc\p18F452.asm
                  PREINC2   0x000fdc       data     extern C:\MCC18\v3_39\src\traditional\proc\p18F452.asm
                 POSTDEC2   0x000fdd       data     extern C:\MCC18\v3_39\src\traditional\proc\p18F452.asm
                 POSTINC2   0x000fde       data     extern C:\MCC18\v3_39\src\traditional\proc\p18F452.asm
                    INDF2   0x000fdf       data     extern C:\MCC18\v3_39\src\traditional\proc\p18F452.asm
                      BSR   0x000fe0       data     extern C:\MCC18\v3_39\src\traditional\proc\p18F452.asm
                    FSR1L   0x000fe1       data     extern C:\MCC18\v3_39\src\traditional\proc\p18F452.asm
                     FSR1   0x000fe1       data     extern C:\MCC18\v3_39\src\traditional\proc\p18F452.asm
                    FSR1H   0x000fe2       data     extern C:\MCC18\v3_39\src\traditional\proc\p18F452.asm
                   PLUSW1   0x000fe3       data     extern C:\MCC18\v3_39\src\traditional\proc\p18F452.asm
                  PREINC1   0x000fe4       data     extern C:\MCC18\v3_39\src\traditional\proc\p18F452.asm
                 POSTDEC1   0x000fe5       data     extern C:\MCC18\v3_39\src\traditional\proc\p18F452.asm
                 POSTINC1   0x000fe6       data     extern C:\MCC18\v3_39\src\traditional\proc\p18F452.asm
                    INDF1   0x000fe7       data     extern C:\MCC18\v3_39\src\traditional\proc\p18F452.asm
                        W   0x000fe8       data     extern C:\MCC18\v3_39\src\traditional\proc\p18F452.asm
                     WREG   0x000fe8       data     extern C:\MCC18\v3_39\src\traditional\proc\p18F452.asm
                    FSR0L   0x000fe9       data     extern C:\MCC18\v3_39\src\traditional\proc\p18F452.asm
                     FSR0   0x000fe9       data     extern C:\MCC18\v3_39\src\traditional\proc\p18F452.asm
                    FSR0H   0x000fea       data     extern C:\MCC18\v3_39\src\traditional\proc\p18F452.asm
                   PLUSW0   0x000feb       data     extern C:\MCC18\v3_39\src\traditional\proc\p18F452.asm
                  PREINC0   0x000fec       data     extern C:\MCC18\v3_39\src\traditional\proc\p18F452.asm
                 POSTDEC0   0x000fed       data     extern C:\MCC18\v3_39\src\traditional\proc\p18F452.asm
                 POSTINC0   0x000fee       data     extern C:\MCC18\v3_39\src\traditional\proc\p18F452.asm
                    INDF0   0x000fef       data     extern C:\MCC18\v3_39\src\traditional\proc\p18F452.asm
              INTCON3bits   0x000ff0       data     extern C:\MCC18\v3_39\src\traditional\proc\p18F452.asm
                  INTCON3   0x000ff0       data     extern C:\MCC18\v3_39\src\traditional\proc\p18F452.asm
              INTCON2bits   0x000ff1       data     extern C:\MCC18\v3_39\src\traditional\proc\p18F452.asm
                  INTCON2   0x000ff1       data     extern C:\MCC18\v3_39\src\traditional\proc\p18F452.asm
               INTCONbits   0x000ff2       data     extern C:\MCC18\v3_39\src\traditional\proc\p18F452.asm
              INTCON1bits   0x000ff2       data     extern C:\MCC18\v3_39\src\traditional\proc\p18F452.asm
                  INTCON1   0x000ff2       data     extern C:\MCC18\v3_39\src\traditional\proc\p18F452.asm
                   INTCON   0x000ff2       data     extern C:\MCC18\v3_39\src\traditional\proc\p18F452.asm
                    PRODL   0x000ff3       data     extern C:\MCC18\v3_39\src\traditional\proc\p18F452.asm
                     PROD   0x000ff3       data     extern C:\MCC18\v3_39\src\traditional\proc\p18F452.asm
                    PRODH   0x000ff4       data     extern C:\MCC18\v3_39\src\traditional\proc\p18F452.asm
                   TABLAT   0x000ff5       data     extern C:\MCC18\v3_39\src\traditional\proc\p18F452.asm
                  TBLPTRL   0x000ff6       data     extern C:\MCC18\v3_39\src\traditional\proc\p18F452.asm
                   TBLPTR   0x000ff6       data     extern C:\MCC18\v3_39\src\traditional\proc\p18F452.asm
                  TBLPTRH   0x000ff7       data     extern C:\MCC18\v3_39\src\traditional\proc\p18F452.asm
                  TBLPTRU   0x000ff8       data     extern C:\MCC18\v3_39\src\traditional\proc\p18F452.asm
                      PCL   0x000ff9       data     extern C:\MCC18\v3_39\src\traditional\proc\p18F452.asm
                       PC   0x000ff9       data     extern C:\MCC18\v3_39\src\traditional\proc\p18F452.asm
                   PCLATH   0x000ffa       data     extern C:\MCC18\v3_39\src\traditional\proc\p18F452.asm
                   PCLATU   0x000ffb       data     extern C:\MCC18\v3_39\src\traditional\proc\p18F452.asm
               STKPTRbits   0x000ffc       data     extern C:\MCC18\v3_39\src\traditional\proc\p18F452.asm
                   STKPTR   0x000ffc       data     extern C:\MCC18\v3_39\src\traditional\proc\p18F452.asm
                     TOSL   0x000ffd       data     extern C:\MCC18\v3_39\src\traditional\proc\p18F452.asm
                      TOS   0x000ffd       data     extern C:\MCC18\v3_39\src\traditional\proc\p18F452.asm
                     TOSH   0x000ffe       data     extern C:\MCC18\v3_39\src\traditional\proc\p18F452.asm
                     TOSU   0x000fff       data     extern C:\MCC18\v3_39\src\traditional\proc\p18F452.asm


