BL51 BANKED LINKER/LOCATER V6.22                                                        01/29/2013  13:15:18  PAGE 1


BL51 BANKED LINKER/LOCATER V6.22, INVOKED BY:
C:\KEIL\C51\BIN\BL51.EXE Code.obj TO Ele10 CODE (0X0000-0X0FFF)


MEMORY MODEL: SMALL


INPUT MODULES INCLUDED:
  Code.obj (CODE)
  C:\KEIL\C51\LIB\C51S.LIB (?C_STARTUP)


LINK MAP OF MODULE:  Ele10 (CODE)


            TYPE    BASE      LENGTH    RELOCATION   SEGMENT NAME
            -----------------------------------------------------

            * * * * * * *   D A T A   M E M O R Y   * * * * * * *
            REG     0000H     0008H     ABSOLUTE     "REG BANK 0"
            DATA    0008H     0005H     UNIT         ?DT?CODE
            DATA    000DH     0001H     UNIT         ?DT?_LCDCMD?CODE
            DATA    000EH     0001H     UNIT         ?DT?_LCDDATA?CODE
            IDATA   000FH     0001H     UNIT         ?STACK

            * * * * * * *   C O D E   M E M O R Y   * * * * * * *
            CODE    0000H     0003H     ABSOLUTE     
                    0003H     07FDH                  *** GAP ***
            CODE    0800H     002DH     UNIT         ?PR?MAIN?CODE
            CODE    082DH     0028H     UNIT         ?PR?_DELAY?CODE
            CODE    0855H     0018H     UNIT         ?PR?_LCDCMD?CODE
            CODE    086DH     0018H     UNIT         ?PR?_LCDDATA?CODE
            CODE    0885H     0017H     UNIT         ?PR?LCDREADY?CODE
            CODE    089CH     000CH     UNIT         ?C_C51STARTUP



OVERLAY MAP OF MODULE:   Ele10 (CODE)


SEGMENT
  +--> CALLED SEGMENT
---------------------
?C_C51STARTUP
  +--> ?PR?MAIN?CODE

?PR?MAIN?CODE
  +--> ?PR?_DELAY?CODE



SYMBOL TABLE OF MODULE:  Ele10 (CODE)

  VALUE           TYPE          NAME
  ----------------------------------

  -------         MODULE        CODE
  C:0000H         SYMBOL        _ICE_DUMMY_
BL51 BANKED LINKER/LOCATER V6.22                                                      01/29/2013  13:15:18  PAGE 2


  D:0080H         PUBLIC        P0
  D:0090H         PUBLIC        P1
  D:00B0H         PUBLIC        P3
  C:0833H         PUBLIC        _delay
  B:0098H.1       PUBLIC        TI
  C:0800H         PUBLIC        main
  D:0099H         PUBLIC        SBUF
  D:0098H         PUBLIC        SCON
  D:0089H         PUBLIC        TMOD
  B:0088H.5       PUBLIC        TF0
  D:008CH         PUBLIC        TH0
  C:0885H         PUBLIC        lcdready
  D:008DH         PUBLIC        TH1
  D:008AH         PUBLIC        TL0
  C:086DH         PUBLIC        _lcddata
  B:0090H.7       PUBLIC        en
  B:0088H.4       PUBLIC        TR0
  B:0088H.6       PUBLIC        TR1
  D:0008H         PUBLIC        a
  D:0009H         PUBLIC        b
  B:0090H.5       PUBLIC        rs
  D:000AH         PUBLIC        i
  B:0090H.6       PUBLIC        rw
  D:000BH         PUBLIC        k
  C:0855H         PUBLIC        _lcdcmd
  D:000CH         PUBLIC        p
  B:0080H.7       PUBLIC        lcdbusy
  -------         PROC          MAIN
  C:0800H         LINE#         17
  C:0800H         LINE#         18
  C:0800H         LINE#         28
  C:0803H         LINE#         29
  C:0806H         LINE#         30
  C:0809H         LINE#         31
  C:080CH         LINE#         32
  C:080EH         LINE#         33
  C:0810H         LINE#         34
  C:0810H         LINE#         35
  C:0810H         LINE#         36
  C:0813H         LINE#         37
  C:0816H         LINE#         38
  C:0816H         LINE#         39
  C:0819H         LINE#         40
  C:081CH         LINE#         41
  C:081FH         LINE#         42
  C:081FH         LINE#         43
  C:0822H         LINE#         44
  C:0825H         LINE#         45
  C:0828H         LINE#         46
  C:0828H         LINE#         47
  C:082BH         LINE#         48
  -------         ENDPROC       MAIN
  -------         PROC          _LCDCMD
  D:000DH         SYMBOL        value
  C:0855H         LINE#         51
  C:0857H         LINE#         52
  C:0857H         LINE#         53
BL51 BANKED LINKER/LOCATER V6.22                                                      01/29/2013  13:15:18  PAGE 3


  C:085AH         LINE#         54
  C:085DH         LINE#         55
  C:085FH         LINE#         56
  C:0861H         LINE#         57
  C:0863H         LINE#         58
  C:086AH         LINE#         59
  C:086CH         LINE#         61
  -------         ENDPROC       _LCDCMD
  -------         PROC          _LCDDATA
  D:000EH         SYMBOL        value
  C:086DH         LINE#         63
  C:086FH         LINE#         64
  C:086FH         LINE#         65
  C:0872H         LINE#         66
  C:0875H         LINE#         67
  C:0877H         LINE#         68
  C:0879H         LINE#         69
  C:087BH         LINE#         70
  C:0882H         LINE#         71
  C:0884H         LINE#         73
  -------         ENDPROC       _LCDDATA
  -------         PROC          LCDREADY
  C:0885H         LINE#         75
  C:0885H         LINE#         76
  C:0885H         LINE#         77
  C:0887H         LINE#         78
  C:0889H         LINE#         79
  C:088BH         LINE#         80
  C:088EH         LINE#         81
  C:088EH         LINE#         82
  C:0890H         LINE#         83
  C:0897H         LINE#         84
  C:0899H         LINE#         85
  C:089BH         LINE#         87
  -------         ENDPROC       LCDREADY
  C:082DH         SYMBOL        L?0022
  -------         PROC          L?0021
  -------         ENDPROC       L?0021
  C:082DH         SYMBOL        L?0022
  -------         PROC          _DELAY
  D:0006H         SYMBOL        z
  C:0833H         LINE#         89
  C:0833H         LINE#         90
  C:0833H         LINE#         91
  C:083EH         LINE#         92
  C:083EH         LINE#         93
  C:0841H         LINE#         94
  C:0844H         LINE#         95
  C:0847H         LINE#         96
  C:0849H         LINE#         97
  C:084CH         LINE#         98
  C:084EH         LINE#         99
  C:0850H         LINE#         100
  C:0854H         LINE#         102
  -------         ENDPROC       _DELAY
  -------         ENDMOD        CODE

BL51 BANKED LINKER/LOCATER V6.22                                                      01/29/2013  13:15:18  PAGE 4


*** WARNING L16: UNCALLED SEGMENT, IGNORED FOR OVERLAY PROCESS
    SEGMENT: ?PR?_LCDCMD?CODE

*** WARNING L16: UNCALLED SEGMENT, IGNORED FOR OVERLAY PROCESS
    SEGMENT: ?PR?_LCDDATA?CODE

******************************************************************************
* RESTRICTED VERSION WITH 0800H BYTE CODE SIZE LIMIT; USED: 009CH BYTE ( 7%) *
******************************************************************************

Program Size: data=16.0 xdata=0 code=171
LINK/LOCATE RUN COMPLETE.  2 WARNING(S),  0 ERROR(S)
