BL51 BANKED LINKER/LOCATER V6.22                                                        01/28/2013  22:12:38  PAGE 1


BL51 BANKED LINKER/LOCATER V6.22, INVOKED BY:
C:\KEIL\C51\BIN\BL51.EXE Dot Matrix.obj TO Dot Matrix CODE (0X0000-0X0FFF)


MEMORY MODEL: SMALL


INPUT MODULES INCLUDED:
  Dot Matrix.obj (DOT_MATRIX)
  C:\KEIL\C51\LIB\C51S.LIB (?C_STARTUP)


LINK MAP OF MODULE:  Dot Matrix (DOT_MATRIX)


            TYPE    BASE      LENGTH    RELOCATION   SEGMENT NAME
            -----------------------------------------------------

            * * * * * * *   D A T A   M E M O R Y   * * * * * * *
            REG     0000H     0008H     ABSOLUTE     "REG BANK 0"
            DATA    0008H     0004H     UNIT         ?DT?DOT_MATRIX
            IDATA   000CH     0001H     UNIT         ?STACK

            * * * * * * *   C O D E   M E M O R Y   * * * * * * *
            CODE    0000H     0003H     ABSOLUTE     
                    0003H     07FDH                  *** GAP ***
            CODE    0800H     0029H     UNIT         ?PR?MAIN?DOT_MATRIX
            CODE    0829H     0017H     UNIT         ?PR?DELAY?DOT_MATRIX
            CODE    0840H     000CH     UNIT         ?C_C51STARTUP



OVERLAY MAP OF MODULE:   Dot Matrix (DOT_MATRIX)


SEGMENT
  +--> CALLED SEGMENT
---------------------
?C_C51STARTUP
  +--> ?PR?MAIN?DOT_MATRIX

?PR?MAIN?DOT_MATRIX
  +--> ?PR?DELAY?DOT_MATRIX



SYMBOL TABLE OF MODULE:  Dot Matrix (DOT_MATRIX)

  VALUE           TYPE          NAME
  ----------------------------------

  -------         MODULE        DOT_MATRIX
  C:0000H         SYMBOL        _ICE_DUMMY_
  D:0080H         PUBLIC        P0
  D:0090H         PUBLIC        P1
  D:00A0H         PUBLIC        P2
  D:00B0H         PUBLIC        P3
  C:0829H         PUBLIC        delay
BL51 BANKED LINKER/LOCATER V6.22                                                      01/28/2013  22:12:38  PAGE 2


  C:0800H         PUBLIC        main
  D:0008H         PUBLIC        i
  D:000AH         PUBLIC        j
  -------         PROC          MAIN
  C:0800H         LINE#         4
  C:0800H         LINE#         5
  C:0800H         LINE#         6
  C:0809H         LINE#         7
  C:0809H         LINE#         8
  C:0809H         LINE#         9
  C:0815H         LINE#         10
  C:0818H         LINE#         11
  C:0824H         LINE#         12
  C:0827H         LINE#         13
  -------         ENDPROC       MAIN
  -------         PROC          DELAY
  C:0829H         LINE#         15
  C:0829H         LINE#         16
  C:0829H         LINE#         17
  C:083FH         LINE#         19
  -------         ENDPROC       DELAY
  -------         ENDMOD        DOT_MATRIX

******************************************************************************
* RESTRICTED VERSION WITH 0800H BYTE CODE SIZE LIMIT; USED: 0040H BYTE ( 3%) *
******************************************************************************

Program Size: data=13.0 xdata=0 code=79
LINK/LOCATE RUN COMPLETE.  0 WARNING(S),  0 ERROR(S)
