BL51 BANKED LINKER/LOCATER V6.22                                                        01/29/2013  11:38:05  PAGE 1


BL51 BANKED LINKER/LOCATER V6.22, INVOKED BY:
C:\KEIL\C51\BIN\BL51.EXE Code.obj TO Ele10 CODE (0X0000-0X0FFF)


MEMORY MODEL: SMALL


INPUT MODULES INCLUDED:
  Code.obj (CODE)
  C:\KEIL\C51\LIB\C51S.LIB (?C_STARTUP)


LINK MAP OF MODULE:  Ele10 (CODE)


            TYPE    BASE      LENGTH    RELOCATION   SEGMENT NAME
            -----------------------------------------------------

            * * * * * * *   D A T A   M E M O R Y   * * * * * * *
            REG     0000H     0008H     ABSOLUTE     "REG BANK 0"
            DATA    0008H     0003H     UNIT         ?DT?CODE
            DATA    000BH     0001H     UNIT         _DATA_GROUP_
            IDATA   000CH     0001H     UNIT         ?STACK

            * * * * * * *   C O D E   M E M O R Y   * * * * * * *
            CODE    0000H     0003H     ABSOLUTE     
                    0003H     07FDH                  *** GAP ***
            CODE    0800H     0047H     UNIT         ?PR?MAIN?CODE
            CODE    0847H     002AH     UNIT         ?PR?_DELAY?CODE
            CODE    0871H     0013H     UNIT         ?PR?LCDREADY?CODE
            CODE    0884H     0010H     UNIT         ?PR?_LCDCMD?CODE
            CODE    0894H     0010H     UNIT         ?PR?_LCDDATA?CODE
            CODE    08A4H     000CH     UNIT         ?C_C51STARTUP



OVERLAY MAP OF MODULE:   Ele10 (CODE)


SEGMENT                          DATA_GROUP 
  +--> CALLED SEGMENT          START    LENGTH
----------------------------------------------
?C_C51STARTUP                  -----    -----
  +--> ?PR?MAIN?CODE

?PR?MAIN?CODE                  -----    -----
  +--> ?PR?_LCDCMD?CODE
  +--> ?PR?_LCDDATA?CODE
  +--> ?PR?_DELAY?CODE

?PR?_LCDCMD?CODE               000BH    0001H
  +--> ?PR?LCDREADY?CODE
  +--> ?PR?_DELAY?CODE

?PR?LCDREADY?CODE              -----    -----
  +--> ?PR?_DELAY?CODE

?PR?_LCDDATA?CODE              000BH    0001H
BL51 BANKED LINKER/LOCATER V6.22                                                      01/29/2013  11:38:05  PAGE 2


  +--> ?PR?LCDREADY?CODE
  +--> ?PR?_DELAY?CODE



SYMBOL TABLE OF MODULE:  Ele10 (CODE)

  VALUE           TYPE          NAME
  ----------------------------------

  -------         MODULE        CODE
  C:0000H         SYMBOL        _ICE_DUMMY_
  D:0080H         PUBLIC        P0
  D:0090H         PUBLIC        P1
  D:00A0H         PUBLIC        P2
  D:00B0H         PUBLIC        P3
  C:084FH         PUBLIC        _delay
  C:0800H         PUBLIC        main
  D:0089H         PUBLIC        TMOD
  B:0088H.5       PUBLIC        TF0
  D:008CH         PUBLIC        TH0
  C:0871H         PUBLIC        lcdready
  D:008AH         PUBLIC        TL0
  C:0894H         PUBLIC        _lcddata
  B:0090H.7       PUBLIC        en
  B:0088H.4       PUBLIC        TR0
  D:0008H         PUBLIC        a
  D:0009H         PUBLIC        b
  B:0090H.5       PUBLIC        rs
  D:000AH         PUBLIC        i
  B:0090H.6       PUBLIC        rw
  C:0884H         PUBLIC        _lcdcmd
  B:0080H.7       PUBLIC        lcdbusy
  -------         PROC          MAIN
  C:0800H         LINE#         17
  C:0800H         LINE#         18
  C:0800H         LINE#         19
  C:0809H         LINE#         20
  C:080EH         LINE#         21
  C:0813H         LINE#         22
  C:0818H         LINE#         23
  C:081DH         LINE#         24
  C:0822H         LINE#         25
  C:0827H         LINE#         26
  C:082CH         LINE#         27
  C:0831H         LINE#         28
  C:0831H         LINE#         29
  C:0831H         LINE#         30
  C:0834H         LINE#         31
  C:083BH         LINE#         32
  C:083EH         LINE#         33
  C:0845H         LINE#         34
  -------         ENDPROC       MAIN
  -------         PROC          _LCDCMD
  D:000BH         SYMBOL        value
  C:0884H         LINE#         37
  C:0886H         LINE#         38
BL51 BANKED LINKER/LOCATER V6.22                                                      01/29/2013  11:38:05  PAGE 3


  C:0886H         LINE#         39
  C:0889H         LINE#         40
  C:088CH         LINE#         41
  C:088EH         LINE#         42
  C:088EH         LINE#         43
  C:088EH         LINE#         44
  C:0891H         LINE#         45
  C:0893H         LINE#         47
  -------         ENDPROC       _LCDCMD
  -------         PROC          _LCDDATA
  D:000BH         SYMBOL        value
  C:0894H         LINE#         49
  C:0896H         LINE#         50
  C:0896H         LINE#         51
  C:0899H         LINE#         52
  C:089CH         LINE#         53
  C:089EH         LINE#         54
  C:089EH         LINE#         55
  C:089EH         LINE#         56
  C:08A1H         LINE#         57
  C:08A3H         LINE#         59
  -------         ENDPROC       _LCDDATA
  -------         PROC          LCDREADY
  C:0871H         LINE#         61
  C:0871H         LINE#         62
  C:0871H         LINE#         63
  C:0873H         LINE#         64
  C:0875H         LINE#         65
  C:0877H         LINE#         66
  C:087AH         LINE#         67
  C:087AH         LINE#         68
  C:087CH         LINE#         69
  C:087FH         LINE#         70
  C:0881H         LINE#         71
  C:0883H         LINE#         73
  -------         ENDPROC       LCDREADY
  C:084BH         SYMBOL        L?0016
  -------         PROC          L?0015
  -------         ENDPROC       L?0015
  C:084BH         SYMBOL        L?0016
  -------         PROC          _DELAY
  D:0006H         SYMBOL        z
  C:084FH         LINE#         75
  C:084FH         LINE#         76
  C:084FH         LINE#         77
  C:085AH         LINE#         78
  C:085AH         LINE#         79
  C:085DH         LINE#         80
  C:0860H         LINE#         81
  C:0863H         LINE#         82
  C:0865H         LINE#         83
  C:0868H         LINE#         84
  C:086AH         LINE#         85
  C:086CH         LINE#         86
  C:0870H         LINE#         88
  -------         ENDPROC       _DELAY
  -------         ENDMOD        CODE
BL51 BANKED LINKER/LOCATER V6.22                                                      01/29/2013  11:38:05  PAGE 4



******************************************************************************
* RESTRICTED VERSION WITH 0800H BYTE CODE SIZE LIMIT; USED: 00A4H BYTE ( 8%) *
******************************************************************************

Program Size: data=13.0 xdata=0 code=179
LINK/LOCATE RUN COMPLETE.  0 WARNING(S),  0 ERROR(S)
